******************************************************************************
                  TI ARM Linker Unix v20.2.7                   
******************************************************************************
>> Linked Wed Nov 19 10:16:32 2025

OUTPUT FILE NAME:   <NH_COMP462_LAB11.out>
ENTRY POINT SYMBOL: "_c_int00_noargs"  address: 0000296d


MEMORY CONFIGURATION

         name            origin    length      used     unused   attr    fill
----------------------  --------  ---------  --------  --------  ----  --------
  FLASH                 00000000   00040000  00003178  0003ce88  R  X
  SRAM                  20000000   00008000  000002c9  00007d37  RW X


SEGMENT ALLOCATION MAP

run origin  load origin   length   init length attrs members
----------  ----------- ---------- ----------- ----- -------
00000000    00000000    00003178   00003178    r-x
  00000000    00000000    0000026c   0000026c    r-- .intvecs
  0000026c    0000026c    00002890   00002890    r-x .text
  00002afc    00002afc    00000634   00000634    r-- .const
  00003130    00003130    00000048   00000048    r-- .cinit
20000000    20000000    000002c9   00000000    rw-
  20000000    20000000    00000200   00000000    rw- .stack
  20000200    20000200    000000a4   00000000    rw- .bss
  200002a4    200002a4    00000025   00000000    rw- .data


SECTION ALLOCATION MAP

 output                                  attributes/
section   page    origin      length       input sections
--------  ----  ----------  ----------   ----------------
.intvecs   0    00000000    0000026c     
                  00000000    0000026c     tm4c123gh6pm_startup_ccs.obj (.intvecs)

.text      0    0000026c    00002890     
                  0000026c    00000ba4     tiva_launchpad_lib.obj (.text)
                  00000e10    00000570     LSM303_driver.obj (.text)
                  00001380    00000520     main.obj (.text)
                  000018a0    000004a8     uartstdio.obj (.text)
                  00001d48    00000200     driverlib.lib : sysctl.obj (.text:SysCtlClockFreqSet)
                  00001f48    00000190     L298N_driver.obj (.text)
                  000020d8    0000016c     driverlib.lib : gpio.obj (.text:GPIOPadConfigSet)
                  00002244    00000128     i_trig.obj (.text)
                  0000236c    00000118     HCSR04_driver.obj (.text)
                  00002484    00000118     driverlib.lib : sysctl.obj (.text:SysCtlClockGet)
                  0000259c    0000009c     rtsv7M4_T_le_v4SPD16_eabi.lib : memcpy_t2.asm.obj (.text)
                  00002638    0000007a                                   : memset_t2.asm.obj (.text)
                  000026b2    00000068                                   : copy_decompress_lzss.c.obj (.text:decompress:lzss:__TI_decompress_lzss)
                  0000271a    00000002                                   : div0.asm.obj (.text)
                  0000271c    0000004c     driverlib.lib : gpio.obj (.text:GPIOPinConfigure)
                  00002768    0000004c                   : i2c.obj (.text:I2CMasterInitExpClk)
                  000027b4    00000048                   : sysctl.obj (.text:_SysCtlFrequencyGet)
                  000027fc    00000046                   : uart.obj (.text:UARTConfigSetExpClk)
                  00002842    00000002     --HOLE-- [fill = 0]
                  00002844    00000044     rtsv7M4_T_le_v4SPD16_eabi.lib : autoinit.c.obj (.text:__TI_auto_init_nobinit_nopinit:__TI_auto_init_nobinit_nopinit)
                  00002888    00000040                                   : u_divt2.asm.obj (.text)
                  000028c8    00000038     driverlib.lib : sysctl.obj (.text:SysCtlPeripheralPresent)
                  00002900    00000038                   : sysctl.obj (.text:SysCtlPeripheralReady)
                  00002938    00000034                   : sysctl.obj (.text:SysCtlPeripheralEnable)
                  0000296c    00000034     rtsv7M4_T_le_v4SPD16_eabi.lib : boot_cortex_m.c.obj (.text:_c_int00_noargs:_c_int00_noargs)
                  000029a0    0000002c     driverlib.lib : gpio.obj (.text:GPIODirModeSet)
                  000029cc    00000020                   : uart.obj (.text:UARTDisable)
                  000029ec    00000020                   : sysctl.obj (.text:_SysCtlMemTimingGet)
                  00002a0c    0000001c     rtsv7M4_T_le_v4SPD16_eabi.lib : copy_zero_init.c.obj (.text:decompress:ZI:__TI_zero_init_nomemset:__TI_zero_init_nomemset)
                  00002a28    00000016     driverlib.lib : gpio.obj (.text:GPIOPinTypeI2C)
                  00002a3e    00000016                   : gpio.obj (.text:GPIOPinTypeI2CSCL)
                  00002a54    00000016                   : gpio.obj (.text:GPIOPinTypeUART)
                  00002a6a    00000016                   : i2c.obj (.text:I2CMasterErr)
                  00002a80    00000014                   : uart.obj (.text:UARTEnable)
                  00002a94    0000000e     rtsv7M4_T_le_v4SPD16_eabi.lib : copy_decompress_none.c.obj (.text:decompress:none:__TI_decompress_none)
                  00002aa2    0000000c     tm4c123gh6pm_startup_ccs.obj (.text)
                  00002aae    0000000a     driverlib.lib : i2c.obj (.text:I2CMasterEnable)
                  00002ab8    0000000a                   : uart.obj (.text:UARTCharGet)
                  00002ac2    0000000a                   : uart.obj (.text:UARTCharPut)
                  00002acc    00000008                   : i2c.obj (.text:I2CMasterBusy)
                  00002ad4    00000008                   : i2c.obj (.text:I2CMasterSlaveAddrSet)
                  00002adc    00000006                   : sysctl.obj (.text:SysCtlDelay)
                  00002ae2    00000006                   : uart.obj (.text:UARTClockSourceSet)
                  00002ae8    00000004                   : i2c.obj (.text:I2CMasterControl)
                  00002aec    00000004                   : i2c.obj (.text:I2CMasterDataGet)
                  00002af0    00000004                   : i2c.obj (.text:I2CMasterDataPut)
                  00002af4    00000004     rtsv7M4_T_le_v4SPD16_eabi.lib : pre_init.c.obj (.text:_system_pre_init)
                  00002af8    00000004                                   : exit.c.obj (.text:abort:abort)

.const     0    00002afc    00000634     
                  00002afc    000001b0     driverlib.lib : sysctl.obj (.const:g_pppui32XTALtoVCO)
                  00002cac    00000194     i_trig.obj (.const:t_lut)
                  00002e40    0000016c     i_trig.obj (.const:s_lut)
                  00002fac    00000090     driverlib.lib : gpio.obj (.const:g_pui32GPIOBaseAddrs)
                  0000303c    0000006c                   : sysctl.obj (.const:g_pui32Xtals)
                  000030a8    00000030                   : sysctl.obj (.const:g_sXTALtoMEMTIM)
                  000030d8    00000020     tiva_launchpad_lib.obj (.const:.string)
                  000030f8    00000012     uartstdio.obj (.const:.string)
                  0000310a    00000002     --HOLE-- [fill = 0]
                  0000310c    0000000c     uartstdio.obj (.const:g_ui32UARTBase)
                  00003118    0000000c     uartstdio.obj (.const:g_ui32UARTPeriph)
                  00003124    00000008     driverlib.lib : sysctl.obj (.const:g_pui32VCOFrequencies)
                  0000312c    00000004     uartstdio.obj (.const)

.cinit     0    00003130    00000048     
                  00003130    00000021     (.cinit..data.load) [load image, compression = lzss]
                  00003151    00000003     --HOLE-- [fill = 0]
                  00003154    0000000c     (__TI_handler_table)
                  00003160    00000008     (.cinit..bss.load) [load image, compression = zero_init]
                  00003168    00000010     (__TI_cinit_table)

.init_array 
*          0    00000000    00000000     UNINITIALIZED

.bss       0    20000200    000000a4     UNINITIALIZED
                  20000200    00000098     (.common:robot_car)
                  20000298    0000000c     (.common:current_state)

.data      0    200002a4    00000025     UNINITIALIZED
                  200002a4    00000020     tiva_launchpad_lib.obj (.data:UARTPortMapping)
                  200002c4    00000005     uartstdio.obj (.data)

.stack     0    20000000    00000200     UNINITIALIZED
                  20000000    00000004     rtsv7M4_T_le_v4SPD16_eabi.lib : boot_cortex_m.c.obj (.stack)
                  20000004    000001fc     --HOLE--

__llvm_prf_cnts 
*          0    20000000    00000000     UNINITIALIZED

MODULE SUMMARY

       Module                         code    ro data   rw data
       ------                         ----    -------   -------
    ./
       tiva_launchpad_lib.obj         2980    32        32     
       main.obj                       1312    0         164    
       uartstdio.obj                  1192    46        5      
       i_trig.obj                     296     768       0      
       tm4c123gh6pm_startup_ccs.obj   12      620       0      
    +--+------------------------------+-------+---------+---------+
       Total:                         5792    1466      201    
                                                               
    ./device_drivers/
       LSM303_driver.obj              1392    0         0      
       L298N_driver.obj               400     0         0      
       HCSR04_driver.obj              280     0         0      
    +--+------------------------------+-------+---------+---------+
       Total:                         2072    0         0      
                                                               
    /Applications/ti/ccs1271/ccs/tools/compiler/ti-cgt-arm_20.2.7.LTS/lib/rtsv7M4_T_le_v4SPD16_eabi.lib
       memcpy_t2.asm.obj              156     0         0      
       memset_t2.asm.obj              122     0         0      
       copy_decompress_lzss.c.obj     104     0         0      
       autoinit.c.obj                 68      0         0      
       u_divt2.asm.obj                64      0         0      
       boot_cortex_m.c.obj            52      0         0      
       copy_zero_init.c.obj           28      0         0      
       copy_decompress_none.c.obj     14      0         0      
       exit.c.obj                     4       0         0      
       pre_init.c.obj                 4       0         0      
       div0.asm.obj                   2       0         0      
    +--+------------------------------+-------+---------+---------+
       Total:                         618     0         0      
                                                               
    /Users/noah/ti/TivaWare_C_Series-2.2.0.295/driverlib/ccs/Debug/driverlib.lib
       sysctl.obj                     1066    596       0      
       gpio.obj                       550     144       0      
       uart.obj                       148     0         0      
       i2c.obj                        136     0         0      
    +--+------------------------------+-------+---------+---------+
       Total:                         1900    740       0      
                                                               
       Stack:                         0       0         512    
       Linker Generated:              0       69        0      
    +--+------------------------------+-------+---------+---------+
       Grand Total:                   10382   2275      713    


LINKER GENERATED COPY TABLES

__TI_cinit_table @ 00003168 records: 2, size/record: 8, table size: 16
	.data: load addr=00003130, load size=00000021 bytes, run addr=200002a4, run size=00000025 bytes, compression=lzss
	.bss: load addr=00003160, load size=00000008 bytes, run addr=20000200, run size=000000a4 bytes, compression=zero_init


LINKER GENERATED HANDLER TABLE

__TI_handler_table @ 00003154 records: 3, size/record: 4, table size: 12
	index: 0, handler: __TI_decompress_lzss
	index: 1, handler: __TI_decompress_none
	index: 2, handler: __TI_zero_init


GLOBAL SYMBOLS: SORTED ALPHABETICALLY BY Name 

address   name                          
-------   ----                          
00000a93  ADCInit                       
0000141b  ButtonInit                    
00002af9  C$$EXIT                       
00001457  CompassInit                   
00000f29  ConfigureAccelerometer        
00000e73  ConfigureCompass              
0000082f  GPIOAfselEnable               
000008c5  GPIOAnalogEnable              
000007bd  GPIODigitalEnable             
0000095d  GPIODigitalRead               
0000092d  GPIODigitalWrite              
000029a1  GPIODirModeSet                
000006ff  GPIOEnableClock               
000020d9  GPIOPadConfigSet              
0000271d  GPIOPinConfigure              
0000078d  GPIOPinMode                   
00002a29  GPIOPinTypeI2C                
00002a3f  GPIOPinTypeI2CSCL             
00002a55  GPIOPinTypeUART               
000008f7  GPIOPullupEnable              
00000755  GPIOUnlock                    
000003df  GetADCInfo                    
0000057d  GetPWMGENInfo                 
000004e9  GetPWMInfo                    
0000026d  GetPortInfo                   
00000665  GetTimerInfo                  
00000337  GetUARTInfo                   
0000236d  HCSR04Init                    
000023db  HCSR04ReadDistance            
00002acd  I2CMasterBusy                 
00002ae9  I2CMasterControl              
00002aed  I2CMasterDataGet              
00002af1  I2CMasterDataPut              
00002aaf  I2CMasterEnable               
00002a6b  I2CMasterErr                  
00002769  I2CMasterInitExpClk           
00002ad5  I2CMasterSlaveAddrSet         
00000e11  InitializeI2C                 
00001fe9  L298NInit                     
0000201d  L298NSetPWM                   
00002045  L298NUpdatePWM                
0000134f  LSM303CalculateHeading        
0000107b  LSM303Init                    
0000125f  LSM303ReadAccelerometer       
00001141  LSM303ReadCompass             
000013e7  MotorInit                     
00000b09  PWMGENInit                    
00000601  ParseGPIOString               
00000c23  ReadPWMADutyCycle             
00000c4d  ReadPWMBDutyCycle             
00000c17  ReadPWMGENA                   
00000c41  ReadPWMGENB                   
00000dab  ReadTimerA                    
00000db7  ReadTimerB                    
00002aa3  ResetISR                      
00000bd5  SetPWMADutyCycle              
00000ca1  SetPWMBDutyCycle              
00000ba9  SetPWMGENA                    
00000c75  SetPWMGENB                    
0000143f  SonarInit                     
00001d49  SysCtlClockFreqSet            
00002485  SysCtlClockGet                
00002add  SysCtlDelay                   
00002939  SysCtlPeripheralEnable        
000028c9  SysCtlPeripheralPresent       
00002901  SysCtlPeripheralReady         
00000dc3  SysTickInit                   
00001381  SysTickIntHandler             
00000ddf  SysTickReload                 
00000def  SysTickRestart                
00001461  SystemInit                    
00000ced  TimerInit                     
00002ab9  UARTCharGet                   
00002ac3  UARTCharPut                   
00002ae3  UARTClockSourceSet            
000027fd  UARTConfigSetExpClk           
000029cd  UARTDisable                   
00002a81  UARTEnable                    
00000985  UARTInit                      
00000a75  UARTPutChar                   
00000a5d  UARTReadChar                  
000018a1  UARTStdioConfig               
000019f1  UARTgetc                      
00001937  UARTgets                      
00001d13  UARTprintf                    
00001a19  UARTvprintf                   
000018e7  UARTwrite                     
000013bf  WheelCounterInit              
20000200  __STACK_END                   
00000200  __STACK_SIZE                  
20000200  __STACK_TOP                   
00003168  __TI_CINIT_Base               
00003178  __TI_CINIT_Limit              
00003154  __TI_Handler_Table_Base       
00003160  __TI_Handler_Table_Limit      
00002845  __TI_auto_init_nobinit_nopinit
000026b3  __TI_decompress_lzss          
00002a95  __TI_decompress_none          
ffffffff  __TI_pprof_out_hndl           
ffffffff  __TI_prof_data_size           
ffffffff  __TI_prof_data_start          
00000000  __TI_static_base__            
00002a0d  __TI_zero_init_nomemset       
0000271b  __aeabi_idiv0                 
0000271b  __aeabi_ldiv0                 
00002639  __aeabi_memclr                
00002639  __aeabi_memclr4               
00002639  __aeabi_memclr8               
0000259d  __aeabi_memcpy                
0000259d  __aeabi_memcpy4               
0000259d  __aeabi_memcpy8               
0000263b  __aeabi_memset                
0000263b  __aeabi_memset4               
0000263b  __aeabi_memset8               
00002889  __aeabi_uidiv                 
00002889  __aeabi_uidivmod              
ffffffff  __binit__                     
ffffffff  __c_args__                    
UNDEFED   __mpu_init                    
20000000  __stack                       
20000000  __start___llvm_prf_cnts       
20000000  __stop___llvm_prf_cnts        
0000296d  _c_int00_noargs               
UNDEFED   _system_post_cinit            
00002af5  _system_pre_init              
00002af9  abort                         
ffffffff  binit                         
20000298  current_state                 
00000000  g_pfnVectors                  
00002297  i_atan2                       
00002355  i_cos                         
000022f3  i_sin                         
00001505  main                          
0000259d  memcpy                        
00002641  memset                        
20000200  robot_car                     
00002e40  s_lut                         
00001f49  setPWM                        
00001f89  stepPWM                       
00002cac  t_lut                         


GLOBAL SYMBOLS: SORTED BY Symbol Address 

address   name                          
-------   ----                          
00000000  __TI_static_base__            
00000000  g_pfnVectors                  
00000200  __STACK_SIZE                  
0000026d  GetPortInfo                   
00000337  GetUARTInfo                   
000003df  GetADCInfo                    
000004e9  GetPWMInfo                    
0000057d  GetPWMGENInfo                 
00000601  ParseGPIOString               
00000665  GetTimerInfo                  
000006ff  GPIOEnableClock               
00000755  GPIOUnlock                    
0000078d  GPIOPinMode                   
000007bd  GPIODigitalEnable             
0000082f  GPIOAfselEnable               
000008c5  GPIOAnalogEnable              
000008f7  GPIOPullupEnable              
0000092d  GPIODigitalWrite              
0000095d  GPIODigitalRead               
00000985  UARTInit                      
00000a5d  UARTReadChar                  
00000a75  UARTPutChar                   
00000a93  ADCInit                       
00000b09  PWMGENInit                    
00000ba9  SetPWMGENA                    
00000bd5  SetPWMADutyCycle              
00000c17  ReadPWMGENA                   
00000c23  ReadPWMADutyCycle             
00000c41  ReadPWMGENB                   
00000c4d  ReadPWMBDutyCycle             
00000c75  SetPWMGENB                    
00000ca1  SetPWMBDutyCycle              
00000ced  TimerInit                     
00000dab  ReadTimerA                    
00000db7  ReadTimerB                    
00000dc3  SysTickInit                   
00000ddf  SysTickReload                 
00000def  SysTickRestart                
00000e11  InitializeI2C                 
00000e73  ConfigureCompass              
00000f29  ConfigureAccelerometer        
0000107b  LSM303Init                    
00001141  LSM303ReadCompass             
0000125f  LSM303ReadAccelerometer       
0000134f  LSM303CalculateHeading        
00001381  SysTickIntHandler             
000013bf  WheelCounterInit              
000013e7  MotorInit                     
0000141b  ButtonInit                    
0000143f  SonarInit                     
00001457  CompassInit                   
00001461  SystemInit                    
00001505  main                          
000018a1  UARTStdioConfig               
000018e7  UARTwrite                     
00001937  UARTgets                      
000019f1  UARTgetc                      
00001a19  UARTvprintf                   
00001d13  UARTprintf                    
00001d49  SysCtlClockFreqSet            
00001f49  setPWM                        
00001f89  stepPWM                       
00001fe9  L298NInit                     
0000201d  L298NSetPWM                   
00002045  L298NUpdatePWM                
000020d9  GPIOPadConfigSet              
00002297  i_atan2                       
000022f3  i_sin                         
00002355  i_cos                         
0000236d  HCSR04Init                    
000023db  HCSR04ReadDistance            
00002485  SysCtlClockGet                
0000259d  __aeabi_memcpy                
0000259d  __aeabi_memcpy4               
0000259d  __aeabi_memcpy8               
0000259d  memcpy                        
00002639  __aeabi_memclr                
00002639  __aeabi_memclr4               
00002639  __aeabi_memclr8               
0000263b  __aeabi_memset                
0000263b  __aeabi_memset4               
0000263b  __aeabi_memset8               
00002641  memset                        
000026b3  __TI_decompress_lzss          
0000271b  __aeabi_idiv0                 
0000271b  __aeabi_ldiv0                 
0000271d  GPIOPinConfigure              
00002769  I2CMasterInitExpClk           
000027fd  UARTConfigSetExpClk           
00002845  __TI_auto_init_nobinit_nopinit
00002889  __aeabi_uidiv                 
00002889  __aeabi_uidivmod              
000028c9  SysCtlPeripheralPresent       
00002901  SysCtlPeripheralReady         
00002939  SysCtlPeripheralEnable        
0000296d  _c_int00_noargs               
000029a1  GPIODirModeSet                
000029cd  UARTDisable                   
00002a0d  __TI_zero_init_nomemset       
00002a29  GPIOPinTypeI2C                
00002a3f  GPIOPinTypeI2CSCL             
00002a55  GPIOPinTypeUART               
00002a6b  I2CMasterErr                  
00002a81  UARTEnable                    
00002a95  __TI_decompress_none          
00002aa3  ResetISR                      
00002aaf  I2CMasterEnable               
00002ab9  UARTCharGet                   
00002ac3  UARTCharPut                   
00002acd  I2CMasterBusy                 
00002ad5  I2CMasterSlaveAddrSet         
00002add  SysCtlDelay                   
00002ae3  UARTClockSourceSet            
00002ae9  I2CMasterControl              
00002aed  I2CMasterDataGet              
00002af1  I2CMasterDataPut              
00002af5  _system_pre_init              
00002af9  C$$EXIT                       
00002af9  abort                         
00002cac  t_lut                         
00002e40  s_lut                         
00003154  __TI_Handler_Table_Base       
00003160  __TI_Handler_Table_Limit      
00003168  __TI_CINIT_Base               
00003178  __TI_CINIT_Limit              
20000000  __stack                       
20000000  __start___llvm_prf_cnts       
20000000  __stop___llvm_prf_cnts        
20000200  __STACK_END                   
20000200  __STACK_TOP                   
20000200  robot_car                     
20000298  current_state                 
ffffffff  __TI_pprof_out_hndl           
ffffffff  __TI_prof_data_size           
ffffffff  __TI_prof_data_start          
ffffffff  __binit__                     
ffffffff  __c_args__                    
ffffffff  binit                         
UNDEFED   __mpu_init                    
UNDEFED   _system_post_cinit            

[140 symbols]
