******************************************************************************
                  TI ARM Linker Unix v20.2.7                   
******************************************************************************
>> Linked Mon Nov 10 10:20:48 2025

OUTPUT FILE NAME:   <NH_COMP462_LAB10.out>
ENTRY POINT SYMBOL: "_c_int00_noargs"  address: 000027bd


MEMORY CONFIGURATION

         name            origin    length      used     unused   attr    fill
----------------------  --------  ---------  --------  --------  ----  --------
  FLASH                 00000000   00040000  00002fe8  0003d018  R  X
  SRAM                  20000000   00008000  000003a5  00007c5b  RW X


SEGMENT ALLOCATION MAP

run origin  load origin   length   init length attrs members
----------  ----------- ---------- ----------- ----- -------
00000000    00000000    00002fe8   00002fe8    r-x
  00000000    00000000    0000026c   0000026c    r-- .intvecs
  0000026c    0000026c    000026e0   000026e0    r-x .text
  0000294c    0000294c    00000634   00000634    r-- .const
  00002f80    00002f80    00000068   00000068    r-- .cinit
20000000    20000000    000003a8   00000000    rw-
  20000000    20000000    00000200   00000000    rw- .stack
  20000200    20000200    00000121   00000000    rw- .data
  20000324    20000324    00000084   00000000    rw- .bss


SECTION ALLOCATION MAP

 output                                  attributes/
section   page    origin      length       input sections
--------  ----  ----------  ----------   ----------------
.intvecs   0    00000000    0000026c     
                  00000000    0000026c     tm4c123gh6pm_startup_ccs.obj (.intvecs)

.text      0    0000026c    000026e0     
                  0000026c    00000ba4     tiva_launchpad_lib.obj (.text)
                  00000e10    000005c8     main.obj (.text)
                  000013d8    000004a8     LSM303_driver.obj (.text)
                  00001880    000004a8     uartstdio.obj (.text)
                  00001d28    00000200     driverlib.lib : sysctl.obj (.text:SysCtlClockFreqSet)
                  00001f28    0000016c                   : gpio.obj (.text:GPIOPadConfigSet)
                  00002094    00000128     i_trig.obj (.text)
                  000021bc    00000118     HCSR04_driver.obj (.text)
                  000022d4    00000118     driverlib.lib : sysctl.obj (.text:SysCtlClockGet)
                  000023ec    0000009c     rtsv7M4_T_le_v4SPD16_eabi.lib : memcpy_t2.asm.obj (.text)
                  00002488    0000007a                                   : memset_t2.asm.obj (.text)
                  00002502    00000068                                   : copy_decompress_lzss.c.obj (.text:decompress:lzss:__TI_decompress_lzss)
                  0000256a    00000002                                   : div0.asm.obj (.text)
                  0000256c    0000004c     driverlib.lib : gpio.obj (.text:GPIOPinConfigure)
                  000025b8    0000004c                   : i2c.obj (.text:I2CMasterInitExpClk)
                  00002604    00000048                   : sysctl.obj (.text:_SysCtlFrequencyGet)
                  0000264c    00000046                   : uart.obj (.text:UARTConfigSetExpClk)
                  00002692    00000002     --HOLE-- [fill = 0]
                  00002694    00000044     rtsv7M4_T_le_v4SPD16_eabi.lib : autoinit.c.obj (.text:__TI_auto_init_nobinit_nopinit:__TI_auto_init_nobinit_nopinit)
                  000026d8    00000040                                   : u_divt2.asm.obj (.text)
                  00002718    00000038     driverlib.lib : sysctl.obj (.text:SysCtlPeripheralPresent)
                  00002750    00000038                   : sysctl.obj (.text:SysCtlPeripheralReady)
                  00002788    00000034                   : sysctl.obj (.text:SysCtlPeripheralEnable)
                  000027bc    00000034     rtsv7M4_T_le_v4SPD16_eabi.lib : boot_cortex_m.c.obj (.text:_c_int00_noargs:_c_int00_noargs)
                  000027f0    0000002c     driverlib.lib : gpio.obj (.text:GPIODirModeSet)
                  0000281c    00000020                   : uart.obj (.text:UARTDisable)
                  0000283c    00000020                   : sysctl.obj (.text:_SysCtlMemTimingGet)
                  0000285c    0000001c     rtsv7M4_T_le_v4SPD16_eabi.lib : copy_zero_init.c.obj (.text:decompress:ZI:__TI_zero_init_nomemset:__TI_zero_init_nomemset)
                  00002878    00000016     driverlib.lib : gpio.obj (.text:GPIOPinTypeI2C)
                  0000288e    00000016                   : gpio.obj (.text:GPIOPinTypeI2CSCL)
                  000028a4    00000016                   : gpio.obj (.text:GPIOPinTypeUART)
                  000028ba    00000016                   : i2c.obj (.text:I2CMasterErr)
                  000028d0    00000014                   : uart.obj (.text:UARTEnable)
                  000028e4    0000000e     rtsv7M4_T_le_v4SPD16_eabi.lib : copy_decompress_none.c.obj (.text:decompress:none:__TI_decompress_none)
                  000028f2    0000000c     tm4c123gh6pm_startup_ccs.obj (.text)
                  000028fe    0000000a     driverlib.lib : i2c.obj (.text:I2CMasterEnable)
                  00002908    0000000a                   : uart.obj (.text:UARTCharGet)
                  00002912    0000000a                   : uart.obj (.text:UARTCharPut)
                  0000291c    00000008                   : i2c.obj (.text:I2CMasterBusy)
                  00002924    00000008                   : i2c.obj (.text:I2CMasterSlaveAddrSet)
                  0000292c    00000006                   : sysctl.obj (.text:SysCtlDelay)
                  00002932    00000006                   : uart.obj (.text:UARTClockSourceSet)
                  00002938    00000004                   : i2c.obj (.text:I2CMasterControl)
                  0000293c    00000004                   : i2c.obj (.text:I2CMasterDataGet)
                  00002940    00000004                   : i2c.obj (.text:I2CMasterDataPut)
                  00002944    00000004     rtsv7M4_T_le_v4SPD16_eabi.lib : pre_init.c.obj (.text:_system_pre_init)
                  00002948    00000004                                   : exit.c.obj (.text:abort:abort)

.const     0    0000294c    00000634     
                  0000294c    000001b0     driverlib.lib : sysctl.obj (.const:g_pppui32XTALtoVCO)
                  00002afc    00000194     i_trig.obj (.const:t_lut)
                  00002c90    0000016c     i_trig.obj (.const:s_lut)
                  00002dfc    00000090     driverlib.lib : gpio.obj (.const:g_pui32GPIOBaseAddrs)
                  00002e8c    0000006c                   : sysctl.obj (.const:g_pui32Xtals)
                  00002ef8    00000030                   : sysctl.obj (.const:g_sXTALtoMEMTIM)
                  00002f28    00000020     tiva_launchpad_lib.obj (.const:.string)
                  00002f48    00000012     uartstdio.obj (.const:.string)
                  00002f5a    00000002     --HOLE-- [fill = 0]
                  00002f5c    0000000c     uartstdio.obj (.const:g_ui32UARTBase)
                  00002f68    0000000c     uartstdio.obj (.const:g_ui32UARTPeriph)
                  00002f74    00000008     driverlib.lib : sysctl.obj (.const:g_pui32VCOFrequencies)
                  00002f7c    00000004     uartstdio.obj (.const)

.cinit     0    00002f80    00000068     
                  00002f80    0000003d     (.cinit..data.load) [load image, compression = lzss]
                  00002fbd    00000003     --HOLE-- [fill = 0]
                  00002fc0    0000000c     (__TI_handler_table)
                  00002fcc    00000004     --HOLE-- [fill = 0]
                  00002fd0    00000008     (.cinit..bss.load) [load image, compression = zero_init]
                  00002fd8    00000010     (__TI_cinit_table)

.init_array 
*          0    00000000    00000000     UNINITIALIZED

.data      0    20000200    00000121     UNINITIALIZED
                  20000200    000000f0     rtsv7M4_T_le_v4SPD16_eabi.lib : defs.c.obj (.data:_ftable)
                  200002f0    00000020     tiva_launchpad_lib.obj (.data:UARTPortMapping)
                  20000310    0000000c     main.obj (.data:motorB)
                  2000031c    00000005     uartstdio.obj (.data)

.bss       0    20000324    00000084     UNINITIALIZED
                  20000324    0000002c     (.common:timer3)
                  20000350    0000001c     (.common:pwm1gen3)
                  2000036c    00000018     (.common:compass)
                  20000384    0000000c     (.common:motorA)
                  20000390    0000000c     (.common:sonar_left)
                  2000039c    0000000c     (.common:sonar_right)

.stack     0    20000000    00000200     UNINITIALIZED
                  20000000    00000004     rtsv7M4_T_le_v4SPD16_eabi.lib : boot_cortex_m.c.obj (.stack)
                  20000004    000001fc     --HOLE--

__llvm_prf_cnts 
*          0    20000000    00000000     UNINITIALIZED

MODULE SUMMARY

       Module                         code   ro data   rw data
       ------                         ----   -------   -------
    ./
       tiva_launchpad_lib.obj         2980   32        32     
       main.obj                       1480   0         144    
       uartstdio.obj                  1192   46        5      
       i_trig.obj                     296    768       0      
       tm4c123gh6pm_startup_ccs.obj   12     620       0      
    +--+------------------------------+------+---------+---------+
       Total:                         5960   1466      181    
                                                              
    ./device_drivers/
       LSM303_driver.obj              1192   0         0      
       HCSR04_driver.obj              280    0         0      
    +--+------------------------------+------+---------+---------+
       Total:                         1472   0         0      
                                                              
    /Applications/ti/ccs1271/ccs/tools/compiler/ti-cgt-arm_20.2.7.LTS/lib/rtsv7M4_T_le_v4SPD16_eabi.lib
       defs.c.obj                     0      0         240    
       memcpy_t2.asm.obj              156    0         0      
       memset_t2.asm.obj              122    0         0      
       copy_decompress_lzss.c.obj     104    0         0      
       autoinit.c.obj                 68     0         0      
       u_divt2.asm.obj                64     0         0      
       boot_cortex_m.c.obj            52     0         0      
       copy_zero_init.c.obj           28     0         0      
       copy_decompress_none.c.obj     14     0         0      
       exit.c.obj                     4      0         0      
       pre_init.c.obj                 4      0         0      
       div0.asm.obj                   2      0         0      
    +--+------------------------------+------+---------+---------+
       Total:                         618    0         240    
                                                              
    /Users/noah/ti/TivaWare_C_Series-2.2.0.295/driverlib/ccs/Debug/driverlib.lib
       sysctl.obj                     1066   596       0      
       gpio.obj                       550    144       0      
       uart.obj                       148    0         0      
       i2c.obj                        136    0         0      
    +--+------------------------------+------+---------+---------+
       Total:                         1900   740       0      
                                                              
       Stack:                         0      0         512    
       Linker Generated:              0      97        0      
    +--+------------------------------+------+---------+---------+
       Grand Total:                   9950   2303      933    


LINKER GENERATED COPY TABLES

__TI_cinit_table @ 00002fd8 records: 2, size/record: 8, table size: 16
	.data: load addr=00002f80, load size=0000003d bytes, run addr=20000200, run size=00000121 bytes, compression=lzss
	.bss: load addr=00002fd0, load size=00000008 bytes, run addr=20000324, run size=00000084 bytes, compression=zero_init


LINKER GENERATED HANDLER TABLE

__TI_handler_table @ 00002fc0 records: 3, size/record: 4, table size: 12
	index: 0, handler: __TI_decompress_lzss
	index: 1, handler: __TI_decompress_none
	index: 2, handler: __TI_zero_init


GLOBAL SYMBOLS: SORTED ALPHABETICALLY BY Name 

address   name                          
-------   ----                          
00000a93  ADCInit                       
00000f47  ButtonInit                    
00002949  C$$EXIT                       
00000f83  CompassInit                   
0000082f  GPIOAfselEnable               
000008c5  GPIOAnalogEnable              
000007bd  GPIODigitalEnable             
0000095d  GPIODigitalRead               
0000092d  GPIODigitalWrite              
000027f1  GPIODirModeSet                
000006ff  GPIOEnableClock               
00001f29  GPIOPadConfigSet              
0000256d  GPIOPinConfigure              
0000078d  GPIOPinMode                   
00002879  GPIOPinTypeI2C                
0000288f  GPIOPinTypeI2CSCL             
000028a5  GPIOPinTypeUART               
000008f7  GPIOPullupEnable              
00000755  GPIOUnlock                    
000003df  GetADCInfo                    
0000057d  GetPWMGENInfo                 
000004e9  GetPWMInfo                    
0000026d  GetPortInfo                   
00000665  GetTimerInfo                  
00000337  GetUARTInfo                   
000021bd  HCSR04Init                    
0000222b  HCSR04ReadDistance            
0000291d  I2CMasterBusy                 
00002939  I2CMasterControl              
0000293d  I2CMasterDataGet              
00002941  I2CMasterDataPut              
000028ff  I2CMasterEnable               
000028bb  I2CMasterErr                  
000025b9  I2CMasterInitExpClk           
00002925  I2CMasterSlaveAddrSet         
0000185b  LSM303CalculateHeading        
000013d9  LSM303Init                    
00001759  LSM303ReadAccelerometer       
0000164d  LSM303ReadCompass             
00000f05  MotorInit                     
00000b09  PWMGENInit                    
00000601  ParseGPIOString               
00000c23  ReadPWMADutyCycle             
00000c4d  ReadPWMBDutyCycle             
00000c17  ReadPWMGENA                   
00000c41  ReadPWMGENB                   
00000dab  ReadTimerA                    
00000db7  ReadTimerB                    
000028f3  ResetISR                      
00000bd5  SetPWMADutyCycle              
00000ca1  SetPWMBDutyCycle              
00000ba9  SetPWMGENA                    
00000c75  SetPWMGENB                    
00000f6b  SonarInit                     
00001d29  SysCtlClockFreqSet            
000022d5  SysCtlClockGet                
0000292d  SysCtlDelay                   
00002789  SysCtlPeripheralEnable        
00002719  SysCtlPeripheralPresent       
00002751  SysCtlPeripheralReady         
00000dc3  SysTickInit                   
00000e9f  SysTickIntHandler             
00000ddf  SysTickReload                 
00000def  SysTickRestart                
00000f8d  SystemInit                    
00000ced  TimerInit                     
00002909  UARTCharGet                   
00002913  UARTCharPut                   
00002933  UARTClockSourceSet            
0000264d  UARTConfigSetExpClk           
0000281d  UARTDisable                   
000028d1  UARTEnable                    
00000985  UARTInit                      
00000a75  UARTPutChar                   
00000a5d  UARTReadChar                  
00001881  UARTStdioConfig               
000019d1  UARTgetc                      
00001917  UARTgets                      
00001cf3  UARTprintf                    
000019f9  UARTvprintf                   
000018c7  UARTwrite                     
00000edd  WheelCounterInit              
20000200  __STACK_END                   
00000200  __STACK_SIZE                  
20000200  __STACK_TOP                   
00002fd8  __TI_CINIT_Base               
00002fe8  __TI_CINIT_Limit              
00002fc0  __TI_Handler_Table_Base       
00002fcc  __TI_Handler_Table_Limit      
00002695  __TI_auto_init_nobinit_nopinit
00002503  __TI_decompress_lzss          
000028e5  __TI_decompress_none          
ffffffff  __TI_pprof_out_hndl           
ffffffff  __TI_prof_data_size           
ffffffff  __TI_prof_data_start          
00000000  __TI_static_base__            
0000285d  __TI_zero_init_nomemset       
0000256b  __aeabi_idiv0                 
0000256b  __aeabi_ldiv0                 
00002489  __aeabi_memclr                
00002489  __aeabi_memclr4               
00002489  __aeabi_memclr8               
000023ed  __aeabi_memcpy                
000023ed  __aeabi_memcpy4               
000023ed  __aeabi_memcpy8               
0000248b  __aeabi_memset                
0000248b  __aeabi_memset4               
0000248b  __aeabi_memset8               
000026d9  __aeabi_uidiv                 
000026d9  __aeabi_uidivmod              
ffffffff  __binit__                     
ffffffff  __c_args__                    
UNDEFED   __mpu_init                    
20000000  __stack                       
20000000  __start___llvm_prf_cnts       
20000000  __stop___llvm_prf_cnts        
000027bd  _c_int00_noargs               
20000200  _ftable                       
UNDEFED   _system_post_cinit            
00002945  _system_pre_init              
00002949  abort                         
ffffffff  binit                         
2000036c  compass                       
00000000  g_pfnVectors                  
000020e7  i_atan2                       
000021a5  i_cos                         
00002143  i_sin                         
0000101d  main                          
000023ed  memcpy                        
00002491  memset                        
20000384  motorA                        
20000310  motorB                        
20000350  pwm1gen3                      
00002c90  s_lut                         
00000e11  setPWM                        
20000390  sonar_left                    
2000039c  sonar_right                   
00000e3f  stepPWM                       
00002afc  t_lut                         
20000324  timer3                        


GLOBAL SYMBOLS: SORTED BY Symbol Address 

address   name                          
-------   ----                          
00000000  __TI_static_base__            
00000000  g_pfnVectors                  
00000200  __STACK_SIZE                  
0000026d  GetPortInfo                   
00000337  GetUARTInfo                   
000003df  GetADCInfo                    
000004e9  GetPWMInfo                    
0000057d  GetPWMGENInfo                 
00000601  ParseGPIOString               
00000665  GetTimerInfo                  
000006ff  GPIOEnableClock               
00000755  GPIOUnlock                    
0000078d  GPIOPinMode                   
000007bd  GPIODigitalEnable             
0000082f  GPIOAfselEnable               
000008c5  GPIOAnalogEnable              
000008f7  GPIOPullupEnable              
0000092d  GPIODigitalWrite              
0000095d  GPIODigitalRead               
00000985  UARTInit                      
00000a5d  UARTReadChar                  
00000a75  UARTPutChar                   
00000a93  ADCInit                       
00000b09  PWMGENInit                    
00000ba9  SetPWMGENA                    
00000bd5  SetPWMADutyCycle              
00000c17  ReadPWMGENA                   
00000c23  ReadPWMADutyCycle             
00000c41  ReadPWMGENB                   
00000c4d  ReadPWMBDutyCycle             
00000c75  SetPWMGENB                    
00000ca1  SetPWMBDutyCycle              
00000ced  TimerInit                     
00000dab  ReadTimerA                    
00000db7  ReadTimerB                    
00000dc3  SysTickInit                   
00000ddf  SysTickReload                 
00000def  SysTickRestart                
00000e11  setPWM                        
00000e3f  stepPWM                       
00000e9f  SysTickIntHandler             
00000edd  WheelCounterInit              
00000f05  MotorInit                     
00000f47  ButtonInit                    
00000f6b  SonarInit                     
00000f83  CompassInit                   
00000f8d  SystemInit                    
0000101d  main                          
000013d9  LSM303Init                    
0000164d  LSM303ReadCompass             
00001759  LSM303ReadAccelerometer       
0000185b  LSM303CalculateHeading        
00001881  UARTStdioConfig               
000018c7  UARTwrite                     
00001917  UARTgets                      
000019d1  UARTgetc                      
000019f9  UARTvprintf                   
00001cf3  UARTprintf                    
00001d29  SysCtlClockFreqSet            
00001f29  GPIOPadConfigSet              
000020e7  i_atan2                       
00002143  i_sin                         
000021a5  i_cos                         
000021bd  HCSR04Init                    
0000222b  HCSR04ReadDistance            
000022d5  SysCtlClockGet                
000023ed  __aeabi_memcpy                
000023ed  __aeabi_memcpy4               
000023ed  __aeabi_memcpy8               
000023ed  memcpy                        
00002489  __aeabi_memclr                
00002489  __aeabi_memclr4               
00002489  __aeabi_memclr8               
0000248b  __aeabi_memset                
0000248b  __aeabi_memset4               
0000248b  __aeabi_memset8               
00002491  memset                        
00002503  __TI_decompress_lzss          
0000256b  __aeabi_idiv0                 
0000256b  __aeabi_ldiv0                 
0000256d  GPIOPinConfigure              
000025b9  I2CMasterInitExpClk           
0000264d  UARTConfigSetExpClk           
00002695  __TI_auto_init_nobinit_nopinit
000026d9  __aeabi_uidiv                 
000026d9  __aeabi_uidivmod              
00002719  SysCtlPeripheralPresent       
00002751  SysCtlPeripheralReady         
00002789  SysCtlPeripheralEnable        
000027bd  _c_int00_noargs               
000027f1  GPIODirModeSet                
0000281d  UARTDisable                   
0000285d  __TI_zero_init_nomemset       
00002879  GPIOPinTypeI2C                
0000288f  GPIOPinTypeI2CSCL             
000028a5  GPIOPinTypeUART               
000028bb  I2CMasterErr                  
000028d1  UARTEnable                    
000028e5  __TI_decompress_none          
000028f3  ResetISR                      
000028ff  I2CMasterEnable               
00002909  UARTCharGet                   
00002913  UARTCharPut                   
0000291d  I2CMasterBusy                 
00002925  I2CMasterSlaveAddrSet         
0000292d  SysCtlDelay                   
00002933  UARTClockSourceSet            
00002939  I2CMasterControl              
0000293d  I2CMasterDataGet              
00002941  I2CMasterDataPut              
00002945  _system_pre_init              
00002949  C$$EXIT                       
00002949  abort                         
00002afc  t_lut                         
00002c90  s_lut                         
00002fc0  __TI_Handler_Table_Base       
00002fcc  __TI_Handler_Table_Limit      
00002fd8  __TI_CINIT_Base               
00002fe8  __TI_CINIT_Limit              
20000000  __stack                       
20000000  __start___llvm_prf_cnts       
20000000  __stop___llvm_prf_cnts        
20000200  __STACK_END                   
20000200  __STACK_TOP                   
20000200  _ftable                       
20000310  motorB                        
20000324  timer3                        
20000350  pwm1gen3                      
2000036c  compass                       
20000384  motorA                        
20000390  sonar_left                    
2000039c  sonar_right                   
ffffffff  __TI_pprof_out_hndl           
ffffffff  __TI_prof_data_size           
ffffffff  __TI_prof_data_start          
ffffffff  __binit__                     
ffffffff  __c_args__                    
ffffffff  binit                         
UNDEFED   __mpu_init                    
UNDEFED   _system_post_cinit            

[140 symbols]
