******************************************************************************
                  TI ARM Linker Unix v20.2.7                   
******************************************************************************
>> Linked Mon Nov 24 09:42:10 2025

OUTPUT FILE NAME:   <NH_COMP462_LAB11.out>
ENTRY POINT SYMBOL: "_c_int00_noargs"  address: 00002b8d


MEMORY CONFIGURATION

         name            origin    length      used     unused   attr    fill
----------------------  --------  ---------  --------  --------  ----  --------
  FLASH                 00000000   00040000  00003398  0003cc68  R  X
  SRAM                  20000000   00008000  000002e0  00007d20  RW X


SEGMENT ALLOCATION MAP

run origin  load origin   length   init length attrs members
----------  ----------- ---------- ----------- ----- -------
00000000    00000000    00003398   00003398    r-x
  00000000    00000000    0000026c   0000026c    r-- .intvecs
  0000026c    0000026c    00002ab0   00002ab0    r-x .text
  00002d1c    00002d1c    00000634   00000634    r-- .const
  00003350    00003350    00000048   00000048    r-- .cinit
20000000    20000000    000002e0   00000000    rw-
  20000000    20000000    00000200   00000000    rw- .stack
  20000200    20000200    000000b4   00000000    rw- .bss
  200002b4    200002b4    0000002c   00000000    rw- .data


SECTION ALLOCATION MAP

 output                                  attributes/
section   page    origin      length       input sections
--------  ----  ----------  ----------   ----------------
.intvecs   0    00000000    0000026c     
                  00000000    0000026c     tm4c123gh6pm_startup_ccs.obj (.intvecs)

.text      0    0000026c    00002ab0     
                  0000026c    00000bd4     tiva_launchpad_lib.obj (.text)
                  00000e40    00000714     main.obj (.text)
                  00001554    00000570     LSM303_driver.obj (.text)
                  00001ac4    000004a8     uartstdio.obj (.text)
                  00001f6c    00000200     driverlib.lib : sysctl.obj (.text:SysCtlClockFreqSet)
                  0000216c    00000190     L298N_driver.obj (.text)
                  000022fc    0000016c     driverlib.lib : gpio.obj (.text:GPIOPadConfigSet)
                  00002468    00000128     i_trig.obj (.text)
                  00002590    00000118     driverlib.lib : sysctl.obj (.text:SysCtlClockGet)
                  000026a8    00000114     HCSR04_driver.obj (.text)
                  000027bc    0000009c     rtsv7M4_T_le_v4SPD16_eabi.lib : memcpy_t2.asm.obj (.text)
                  00002858    0000007a                                   : memset_t2.asm.obj (.text)
                  000028d2    00000068                                   : copy_decompress_lzss.c.obj (.text:decompress:lzss:__TI_decompress_lzss)
                  0000293a    00000002                                   : div0.asm.obj (.text)
                  0000293c    0000004c     driverlib.lib : gpio.obj (.text:GPIOPinConfigure)
                  00002988    0000004c                   : i2c.obj (.text:I2CMasterInitExpClk)
                  000029d4    00000048                   : sysctl.obj (.text:_SysCtlFrequencyGet)
                  00002a1c    00000046                   : uart.obj (.text:UARTConfigSetExpClk)
                  00002a62    00000002     --HOLE-- [fill = 0]
                  00002a64    00000044     rtsv7M4_T_le_v4SPD16_eabi.lib : autoinit.c.obj (.text:__TI_auto_init_nobinit_nopinit:__TI_auto_init_nobinit_nopinit)
                  00002aa8    00000040                                   : u_divt2.asm.obj (.text)
                  00002ae8    00000038     driverlib.lib : sysctl.obj (.text:SysCtlPeripheralPresent)
                  00002b20    00000038                   : sysctl.obj (.text:SysCtlPeripheralReady)
                  00002b58    00000034                   : sysctl.obj (.text:SysCtlPeripheralEnable)
                  00002b8c    00000034     rtsv7M4_T_le_v4SPD16_eabi.lib : boot_cortex_m.c.obj (.text:_c_int00_noargs:_c_int00_noargs)
                  00002bc0    0000002c     driverlib.lib : gpio.obj (.text:GPIODirModeSet)
                  00002bec    00000020                   : uart.obj (.text:UARTDisable)
                  00002c0c    00000020                   : sysctl.obj (.text:_SysCtlMemTimingGet)
                  00002c2c    0000001c     rtsv7M4_T_le_v4SPD16_eabi.lib : copy_zero_init.c.obj (.text:decompress:ZI:__TI_zero_init_nomemset:__TI_zero_init_nomemset)
                  00002c48    00000016     driverlib.lib : gpio.obj (.text:GPIOPinTypeI2C)
                  00002c5e    00000016                   : gpio.obj (.text:GPIOPinTypeI2CSCL)
                  00002c74    00000016                   : gpio.obj (.text:GPIOPinTypeUART)
                  00002c8a    00000016                   : i2c.obj (.text:I2CMasterErr)
                  00002ca0    00000014                   : uart.obj (.text:UARTEnable)
                  00002cb4    0000000e     rtsv7M4_T_le_v4SPD16_eabi.lib : copy_decompress_none.c.obj (.text:decompress:none:__TI_decompress_none)
                  00002cc2    0000000c     tm4c123gh6pm_startup_ccs.obj (.text)
                  00002cce    0000000a     driverlib.lib : i2c.obj (.text:I2CMasterEnable)
                  00002cd8    0000000a                   : uart.obj (.text:UARTCharGet)
                  00002ce2    0000000a                   : uart.obj (.text:UARTCharPut)
                  00002cec    00000008                   : i2c.obj (.text:I2CMasterBusy)
                  00002cf4    00000008                   : i2c.obj (.text:I2CMasterSlaveAddrSet)
                  00002cfc    00000006                   : sysctl.obj (.text:SysCtlDelay)
                  00002d02    00000006                   : uart.obj (.text:UARTClockSourceSet)
                  00002d08    00000004                   : i2c.obj (.text:I2CMasterControl)
                  00002d0c    00000004                   : i2c.obj (.text:I2CMasterDataGet)
                  00002d10    00000004                   : i2c.obj (.text:I2CMasterDataPut)
                  00002d14    00000004     rtsv7M4_T_le_v4SPD16_eabi.lib : pre_init.c.obj (.text:_system_pre_init)
                  00002d18    00000004                                   : exit.c.obj (.text:abort:abort)

.const     0    00002d1c    00000634     
                  00002d1c    000001b0     driverlib.lib : sysctl.obj (.const:g_pppui32XTALtoVCO)
                  00002ecc    00000194     i_trig.obj (.const:t_lut)
                  00003060    0000016c     i_trig.obj (.const:s_lut)
                  000031cc    00000090     driverlib.lib : gpio.obj (.const:g_pui32GPIOBaseAddrs)
                  0000325c    0000006c                   : sysctl.obj (.const:g_pui32Xtals)
                  000032c8    00000030                   : sysctl.obj (.const:g_sXTALtoMEMTIM)
                  000032f8    00000020     tiva_launchpad_lib.obj (.const:.string)
                  00003318    00000012     uartstdio.obj (.const:.string)
                  0000332a    00000002     --HOLE-- [fill = 0]
                  0000332c    0000000c     uartstdio.obj (.const:g_ui32UARTBase)
                  00003338    0000000c     uartstdio.obj (.const:g_ui32UARTPeriph)
                  00003344    00000008     driverlib.lib : sysctl.obj (.const:g_pui32VCOFrequencies)
                  0000334c    00000004     uartstdio.obj (.const)

.cinit     0    00003350    00000048     
                  00003350    00000022     (.cinit..data.load) [load image, compression = lzss]
                  00003372    00000002     --HOLE-- [fill = 0]
                  00003374    0000000c     (__TI_handler_table)
                  00003380    00000008     (.cinit..bss.load) [load image, compression = zero_init]
                  00003388    00000010     (__TI_cinit_table)

.init_array 
*          0    00000000    00000000     UNINITIALIZED

.bss       0    20000200    000000b4     UNINITIALIZED
                  20000200    00000098     (.common:robot_car)
                  20000298    0000001c     (.common:current_state)

.data      0    200002b4    0000002c     UNINITIALIZED
                  200002b4    00000020     tiva_launchpad_lib.obj (.data:UARTPortMapping)
                  200002d4    00000005     uartstdio.obj (.data)
                  200002d9    00000003     --HOLE--
                  200002dc    00000004     main.obj (.data)

.stack     0    20000000    00000200     UNINITIALIZED
                  20000000    00000004     rtsv7M4_T_le_v4SPD16_eabi.lib : boot_cortex_m.c.obj (.stack)
                  20000004    000001fc     --HOLE--

__llvm_prf_cnts 
*          0    20000000    00000000     UNINITIALIZED

MODULE SUMMARY

       Module                         code    ro data   rw data
       ------                         ----    -------   -------
    ./
       tiva_launchpad_lib.obj         3028    32        32     
       main.obj                       1812    0         184    
       uartstdio.obj                  1192    46        5      
       i_trig.obj                     296     768       0      
       tm4c123gh6pm_startup_ccs.obj   12      620       0      
    +--+------------------------------+-------+---------+---------+
       Total:                         6340    1466      221    
                                                               
    ./device_drivers/
       LSM303_driver.obj              1392    0         0      
       L298N_driver.obj               400     0         0      
       HCSR04_driver.obj              276     0         0      
    +--+------------------------------+-------+---------+---------+
       Total:                         2068    0         0      
                                                               
    /Applications/ti/ccs1271/ccs/tools/compiler/ti-cgt-arm_20.2.7.LTS/lib/rtsv7M4_T_le_v4SPD16_eabi.lib
       memcpy_t2.asm.obj              156     0         0      
       memset_t2.asm.obj              122     0         0      
       copy_decompress_lzss.c.obj     104     0         0      
       autoinit.c.obj                 68      0         0      
       u_divt2.asm.obj                64      0         0      
       boot_cortex_m.c.obj            52      0         0      
       copy_zero_init.c.obj           28      0         0      
       copy_decompress_none.c.obj     14      0         0      
       exit.c.obj                     4       0         0      
       pre_init.c.obj                 4       0         0      
       div0.asm.obj                   2       0         0      
    +--+------------------------------+-------+---------+---------+
       Total:                         618     0         0      
                                                               
    /Users/noah/ti/TivaWare_C_Series-2.2.0.295/driverlib/ccs/Debug/driverlib.lib
       sysctl.obj                     1066    596       0      
       gpio.obj                       550     144       0      
       uart.obj                       148     0         0      
       i2c.obj                        136     0         0      
    +--+------------------------------+-------+---------+---------+
       Total:                         1900    740       0      
                                                               
       Stack:                         0       0         512    
       Linker Generated:              0       70        0      
    +--+------------------------------+-------+---------+---------+
       Grand Total:                   10926   2276      733    


LINKER GENERATED COPY TABLES

__TI_cinit_table @ 00003388 records: 2, size/record: 8, table size: 16
	.data: load addr=00003350, load size=00000022 bytes, run addr=200002b4, run size=0000002c bytes, compression=lzss
	.bss: load addr=00003380, load size=00000008 bytes, run addr=20000200, run size=000000b4 bytes, compression=zero_init


LINKER GENERATED HANDLER TABLE

__TI_handler_table @ 00003374 records: 3, size/record: 4, table size: 12
	index: 0, handler: __TI_decompress_lzss
	index: 1, handler: __TI_decompress_none
	index: 2, handler: __TI_zero_init


GLOBAL SYMBOLS: SORTED ALPHABETICALLY BY Name 

address   name                          
-------   ----                          
00000a9b  ADCInit                       
00000f1b  ButtonInit                    
00002d19  C$$EXIT                       
00000f57  CompassInit                   
0000166d  ConfigureAccelerometer        
000015b7  ConfigureCompass              
00000837  GPIOAfselEnable               
000008cd  GPIOAnalogEnable              
000007c5  GPIODigitalEnable             
00000965  GPIODigitalRead               
00000935  GPIODigitalWrite              
00002bc1  GPIODirModeSet                
00000707  GPIOEnableClock               
000022fd  GPIOPadConfigSet              
0000293d  GPIOPinConfigure              
00000795  GPIOPinMode                   
00002c49  GPIOPinTypeI2C                
00002c5f  GPIOPinTypeI2CSCL             
00002c75  GPIOPinTypeUART               
000008ff  GPIOPullupEnable              
0000075d  GPIOUnlock                    
000003e7  GetADCInfo                    
00000585  GetPWMGENInfo                 
000004f1  GetPWMInfo                    
00000275  GetPortInfo                   
0000066d  GetTimerInfo                  
0000033f  GetUARTInfo                   
000026a9  HCSR04Init                    
00002717  HCSR04ReadDistance            
00002ced  I2CMasterBusy                 
00002d09  I2CMasterControl              
00002d0d  I2CMasterDataGet              
00002d11  I2CMasterDataPut              
00002ccf  I2CMasterEnable               
00002c8b  I2CMasterErr                  
00002989  I2CMasterInitExpClk           
00002cf5  I2CMasterSlaveAddrSet         
00001555  InitializeI2C                 
0000220d  L298NInit                     
00002241  L298NSetPWM                   
00002269  L298NUpdatePWM                
00001a93  LSM303CalculateHeading        
000017bf  LSM303Init                    
000019a3  LSM303ReadAccelerometer       
00001885  LSM303ReadCompass             
00000ee7  MotorInit                     
00000b11  PWMGENInit                    
00000609  ParseGPIOString               
00000c2b  ReadPWMADutyCycle             
00000c55  ReadPWMBDutyCycle             
00000c1f  ReadPWMGENA                   
00000c49  ReadPWMGENB                   
00000db3  ReadTimerA                    
00000dbf  ReadTimerB                    
00002cc3  ResetISR                      
00000bdd  SetPWMADutyCycle              
00000ca9  SetPWMBDutyCycle              
00000bb1  SetPWMGENA                    
00000c7d  SetPWMGENB                    
00000f3f  SonarInit                     
00001f6d  SysCtlClockFreqSet            
00002591  SysCtlClockGet                
00002cfd  SysCtlDelay                   
00002b59  SysCtlPeripheralEnable        
00002ae9  SysCtlPeripheralPresent       
00002b21  SysCtlPeripheralReady         
00000dcb  SysTickInit                   
00000e41  SysTickIntHandler             
00000e15  SysTickReload                 
00000e25  SysTickRestart                
00000f61  SystemInit                    
00001165  SystemRunning                 
00000ff5  SystemStart                   
00000cf5  TimerInit                     
00002cd9  UARTCharGet                   
00002ce3  UARTCharPut                   
00002d03  UARTClockSourceSet            
00002a1d  UARTConfigSetExpClk           
00002bed  UARTDisable                   
00002ca1  UARTEnable                    
0000098d  UARTInit                      
00000a7d  UARTPutChar                   
00000a65  UARTReadChar                  
00001ac5  UARTStdioConfig               
00001c15  UARTgetc                      
00001b5b  UARTgets                      
00001f37  UARTprintf                    
00001c3d  UARTvprintf                   
00001b0b  UARTwrite                     
0000100b  UpdateWheelCount              
00000ebf  WheelCounterInit              
20000200  __STACK_END                   
00000200  __STACK_SIZE                  
20000200  __STACK_TOP                   
00003388  __TI_CINIT_Base               
00003398  __TI_CINIT_Limit              
00003374  __TI_Handler_Table_Base       
00003380  __TI_Handler_Table_Limit      
00002a65  __TI_auto_init_nobinit_nopinit
000028d3  __TI_decompress_lzss          
00002cb5  __TI_decompress_none          
ffffffff  __TI_pprof_out_hndl           
ffffffff  __TI_prof_data_size           
ffffffff  __TI_prof_data_start          
00000000  __TI_static_base__            
00002c2d  __TI_zero_init_nomemset       
0000293b  __aeabi_idiv0                 
0000293b  __aeabi_ldiv0                 
00002859  __aeabi_memclr                
00002859  __aeabi_memclr4               
00002859  __aeabi_memclr8               
000027bd  __aeabi_memcpy                
000027bd  __aeabi_memcpy4               
000027bd  __aeabi_memcpy8               
0000285b  __aeabi_memset                
0000285b  __aeabi_memset4               
0000285b  __aeabi_memset8               
00002aa9  __aeabi_uidiv                 
00002aa9  __aeabi_uidivmod              
ffffffff  __binit__                     
ffffffff  __c_args__                    
UNDEFED   __mpu_init                    
20000000  __stack                       
20000000  __start___llvm_prf_cnts       
20000000  __stop___llvm_prf_cnts        
00002b8d  _c_int00_noargs               
UNDEFED   _system_post_cinit            
00002d15  _system_pre_init              
00002d19  abort                         
ffffffff  binit                         
20000298  current_state                 
00000000  g_pfnVectors                  
000024bb  i_atan2                       
00002579  i_cos                         
00002517  i_sin                         
000013f9  main                          
000027bd  memcpy                        
00002861  memset                        
200002dc  pass                          
20000200  robot_car                     
00003060  s_lut                         
0000216d  setPWM                        
000021ad  stepPWM                       
00002ecc  t_lut                         


GLOBAL SYMBOLS: SORTED BY Symbol Address 

address   name                          
-------   ----                          
00000000  __TI_static_base__            
00000000  g_pfnVectors                  
00000200  __STACK_SIZE                  
00000275  GetPortInfo                   
0000033f  GetUARTInfo                   
000003e7  GetADCInfo                    
000004f1  GetPWMInfo                    
00000585  GetPWMGENInfo                 
00000609  ParseGPIOString               
0000066d  GetTimerInfo                  
00000707  GPIOEnableClock               
0000075d  GPIOUnlock                    
00000795  GPIOPinMode                   
000007c5  GPIODigitalEnable             
00000837  GPIOAfselEnable               
000008cd  GPIOAnalogEnable              
000008ff  GPIOPullupEnable              
00000935  GPIODigitalWrite              
00000965  GPIODigitalRead               
0000098d  UARTInit                      
00000a65  UARTReadChar                  
00000a7d  UARTPutChar                   
00000a9b  ADCInit                       
00000b11  PWMGENInit                    
00000bb1  SetPWMGENA                    
00000bdd  SetPWMADutyCycle              
00000c1f  ReadPWMGENA                   
00000c2b  ReadPWMADutyCycle             
00000c49  ReadPWMGENB                   
00000c55  ReadPWMBDutyCycle             
00000c7d  SetPWMGENB                    
00000ca9  SetPWMBDutyCycle              
00000cf5  TimerInit                     
00000db3  ReadTimerA                    
00000dbf  ReadTimerB                    
00000dcb  SysTickInit                   
00000e15  SysTickReload                 
00000e25  SysTickRestart                
00000e41  SysTickIntHandler             
00000ebf  WheelCounterInit              
00000ee7  MotorInit                     
00000f1b  ButtonInit                    
00000f3f  SonarInit                     
00000f57  CompassInit                   
00000f61  SystemInit                    
00000ff5  SystemStart                   
0000100b  UpdateWheelCount              
00001165  SystemRunning                 
000013f9  main                          
00001555  InitializeI2C                 
000015b7  ConfigureCompass              
0000166d  ConfigureAccelerometer        
000017bf  LSM303Init                    
00001885  LSM303ReadCompass             
000019a3  LSM303ReadAccelerometer       
00001a93  LSM303CalculateHeading        
00001ac5  UARTStdioConfig               
00001b0b  UARTwrite                     
00001b5b  UARTgets                      
00001c15  UARTgetc                      
00001c3d  UARTvprintf                   
00001f37  UARTprintf                    
00001f6d  SysCtlClockFreqSet            
0000216d  setPWM                        
000021ad  stepPWM                       
0000220d  L298NInit                     
00002241  L298NSetPWM                   
00002269  L298NUpdatePWM                
000022fd  GPIOPadConfigSet              
000024bb  i_atan2                       
00002517  i_sin                         
00002579  i_cos                         
00002591  SysCtlClockGet                
000026a9  HCSR04Init                    
00002717  HCSR04ReadDistance            
000027bd  __aeabi_memcpy                
000027bd  __aeabi_memcpy4               
000027bd  __aeabi_memcpy8               
000027bd  memcpy                        
00002859  __aeabi_memclr                
00002859  __aeabi_memclr4               
00002859  __aeabi_memclr8               
0000285b  __aeabi_memset                
0000285b  __aeabi_memset4               
0000285b  __aeabi_memset8               
00002861  memset                        
000028d3  __TI_decompress_lzss          
0000293b  __aeabi_idiv0                 
0000293b  __aeabi_ldiv0                 
0000293d  GPIOPinConfigure              
00002989  I2CMasterInitExpClk           
00002a1d  UARTConfigSetExpClk           
00002a65  __TI_auto_init_nobinit_nopinit
00002aa9  __aeabi_uidiv                 
00002aa9  __aeabi_uidivmod              
00002ae9  SysCtlPeripheralPresent       
00002b21  SysCtlPeripheralReady         
00002b59  SysCtlPeripheralEnable        
00002b8d  _c_int00_noargs               
00002bc1  GPIODirModeSet                
00002bed  UARTDisable                   
00002c2d  __TI_zero_init_nomemset       
00002c49  GPIOPinTypeI2C                
00002c5f  GPIOPinTypeI2CSCL             
00002c75  GPIOPinTypeUART               
00002c8b  I2CMasterErr                  
00002ca1  UARTEnable                    
00002cb5  __TI_decompress_none          
00002cc3  ResetISR                      
00002ccf  I2CMasterEnable               
00002cd9  UARTCharGet                   
00002ce3  UARTCharPut                   
00002ced  I2CMasterBusy                 
00002cf5  I2CMasterSlaveAddrSet         
00002cfd  SysCtlDelay                   
00002d03  UARTClockSourceSet            
00002d09  I2CMasterControl              
00002d0d  I2CMasterDataGet              
00002d11  I2CMasterDataPut              
00002d15  _system_pre_init              
00002d19  C$$EXIT                       
00002d19  abort                         
00002ecc  t_lut                         
00003060  s_lut                         
00003374  __TI_Handler_Table_Base       
00003380  __TI_Handler_Table_Limit      
00003388  __TI_CINIT_Base               
00003398  __TI_CINIT_Limit              
20000000  __stack                       
20000000  __start___llvm_prf_cnts       
20000000  __stop___llvm_prf_cnts        
20000200  __STACK_END                   
20000200  __STACK_TOP                   
20000200  robot_car                     
20000298  current_state                 
200002dc  pass                          
ffffffff  __TI_pprof_out_hndl           
ffffffff  __TI_prof_data_size           
ffffffff  __TI_prof_data_start          
ffffffff  __binit__                     
ffffffff  __c_args__                    
ffffffff  binit                         
UNDEFED   __mpu_init                    
UNDEFED   _system_post_cinit            

[144 symbols]
