<?xml version="1.0" encoding="ISO-8859-1" ?>
<link_info>
   <banner>TI ARM Linker Unix v20.2.7.LTS</banner>
   <copyright>Copyright (c) 1996-2018 Texas Instruments Incorporated</copyright>
   <link_time>0x69249edd</link_time>
   <link_errors>0x0</link_errors>
   <output_file>NH_COMP462_LAB12.out</output_file>
   <entry_point>
      <name>_c_int00_noargs</name>
      <address>0x2bad</address>
   </entry_point>
   <input_file_list>
      <input_file id="fl-1">
         <path>./</path>
         <kind>object</kind>
         <file>HCSR04_test.obj</file>
         <name>HCSR04_test.obj</name>
      </input_file>
      <input_file id="fl-2">
         <path>./</path>
         <kind>object</kind>
         <file>i_trig.obj</file>
         <name>i_trig.obj</name>
      </input_file>
      <input_file id="fl-3">
         <path>./</path>
         <kind>object</kind>
         <file>main.obj</file>
         <name>main.obj</name>
      </input_file>
      <input_file id="fl-4">
         <path>./</path>
         <kind>object</kind>
         <file>motor_test.obj</file>
         <name>motor_test.obj</name>
      </input_file>
      <input_file id="fl-5">
         <path>./</path>
         <kind>object</kind>
         <file>tiva_launchpad_lib.obj</file>
         <name>tiva_launchpad_lib.obj</name>
      </input_file>
      <input_file id="fl-6">
         <path>./</path>
         <kind>object</kind>
         <file>tm4c123gh6pm_startup_ccs.obj</file>
         <name>tm4c123gh6pm_startup_ccs.obj</name>
      </input_file>
      <input_file id="fl-7">
         <path>./</path>
         <kind>object</kind>
         <file>uartstdio.obj</file>
         <name>uartstdio.obj</name>
      </input_file>
      <input_file id="fl-8">
         <path>./device_drivers/</path>
         <kind>object</kind>
         <file>HCSR04_driver.obj</file>
         <name>HCSR04_driver.obj</name>
      </input_file>
      <input_file id="fl-9">
         <path>./device_drivers/</path>
         <kind>object</kind>
         <file>L298N_driver.obj</file>
         <name>L298N_driver.obj</name>
      </input_file>
      <input_file id="fl-a">
         <path>./device_drivers/</path>
         <kind>object</kind>
         <file>LSM303_driver.obj</file>
         <name>LSM303_driver.obj</name>
      </input_file>
      <input_file id="fl-f">
         <kind>object</kind>
         <file>&lt;internal&gt;</file>
         <name>&lt;internal&gt;</name>
      </input_file>
      <input_file id="fl-c5">
         <path>/Applications/ti/ccs1271/ccs/tools/compiler/ti-cgt-arm_20.2.7.LTS/lib/</path>
         <kind>archive</kind>
         <file>rtsv7M4_T_le_v4SPD16_eabi.lib</file>
         <name>memcpy_t2.asm.obj</name>
      </input_file>
      <input_file id="fl-c6">
         <path>/Applications/ti/ccs1271/ccs/tools/compiler/ti-cgt-arm_20.2.7.LTS/lib/</path>
         <kind>archive</kind>
         <file>rtsv7M4_T_le_v4SPD16_eabi.lib</file>
         <name>memset_t2.asm.obj</name>
      </input_file>
      <input_file id="fl-c7">
         <path>/Applications/ti/ccs1271/ccs/tools/compiler/ti-cgt-arm_20.2.7.LTS/lib/</path>
         <kind>archive</kind>
         <file>rtsv7M4_T_le_v4SPD16_eabi.lib</file>
         <name>u_divt2.asm.obj</name>
      </input_file>
      <input_file id="fl-c8">
         <path>/Applications/ti/ccs1271/ccs/tools/compiler/ti-cgt-arm_20.2.7.LTS/lib/</path>
         <kind>archive</kind>
         <file>rtsv7M4_T_le_v4SPD16_eabi.lib</file>
         <name>copy_zero_init.c.obj</name>
      </input_file>
      <input_file id="fl-c9">
         <path>/Applications/ti/ccs1271/ccs/tools/compiler/ti-cgt-arm_20.2.7.LTS/lib/</path>
         <kind>archive</kind>
         <file>rtsv7M4_T_le_v4SPD16_eabi.lib</file>
         <name>copy_decompress_none.c.obj</name>
      </input_file>
      <input_file id="fl-ca">
         <path>/Applications/ti/ccs1271/ccs/tools/compiler/ti-cgt-arm_20.2.7.LTS/lib/</path>
         <kind>archive</kind>
         <file>rtsv7M4_T_le_v4SPD16_eabi.lib</file>
         <name>copy_decompress_lzss.c.obj</name>
      </input_file>
      <input_file id="fl-cb">
         <path>/Applications/ti/ccs1271/ccs/tools/compiler/ti-cgt-arm_20.2.7.LTS/lib/</path>
         <kind>archive</kind>
         <file>rtsv7M4_T_le_v4SPD16_eabi.lib</file>
         <name>boot_cortex_m.c.obj</name>
      </input_file>
      <input_file id="fl-cc">
         <path>/Applications/ti/ccs1271/ccs/tools/compiler/ti-cgt-arm_20.2.7.LTS/lib/</path>
         <kind>archive</kind>
         <file>rtsv7M4_T_le_v4SPD16_eabi.lib</file>
         <name>div0.asm.obj</name>
      </input_file>
      <input_file id="fl-cd">
         <path>/Applications/ti/ccs1271/ccs/tools/compiler/ti-cgt-arm_20.2.7.LTS/lib/</path>
         <kind>archive</kind>
         <file>rtsv7M4_T_le_v4SPD16_eabi.lib</file>
         <name>autoinit.c.obj</name>
      </input_file>
      <input_file id="fl-ce">
         <path>/Applications/ti/ccs1271/ccs/tools/compiler/ti-cgt-arm_20.2.7.LTS/lib/</path>
         <kind>archive</kind>
         <file>rtsv7M4_T_le_v4SPD16_eabi.lib</file>
         <name>pre_init.c.obj</name>
      </input_file>
      <input_file id="fl-cf">
         <path>/Applications/ti/ccs1271/ccs/tools/compiler/ti-cgt-arm_20.2.7.LTS/lib/</path>
         <kind>archive</kind>
         <file>rtsv7M4_T_le_v4SPD16_eabi.lib</file>
         <name>cpy_tbl.c.obj</name>
      </input_file>
      <input_file id="fl-d0">
         <path>/Applications/ti/ccs1271/ccs/tools/compiler/ti-cgt-arm_20.2.7.LTS/lib/</path>
         <kind>archive</kind>
         <file>rtsv7M4_T_le_v4SPD16_eabi.lib</file>
         <name>exit.c.obj</name>
      </input_file>
      <input_file id="fl-d1">
         <path>/Applications/ti/ccs1271/ccs/tools/compiler/ti-cgt-arm_20.2.7.LTS/lib/</path>
         <kind>archive</kind>
         <file>rtsv7M4_T_le_v4SPD16_eabi.lib</file>
         <name>_lock.c.obj</name>
      </input_file>
      <input_file id="fl-d2">
         <path>/Applications/ti/ccs1271/ccs/tools/compiler/ti-cgt-arm_20.2.7.LTS/lib/</path>
         <kind>archive</kind>
         <file>rtsv7M4_T_le_v4SPD16_eabi.lib</file>
         <name>args_main.c.obj</name>
      </input_file>
      <input_file id="fl-d3">
         <path>/Users/noah/ti/TivaWare_C_Series-2.2.0.295/driverlib/ccs/Debug/</path>
         <kind>archive</kind>
         <file>driverlib.lib</file>
         <name>gpio.obj</name>
      </input_file>
      <input_file id="fl-d4">
         <path>/Users/noah/ti/TivaWare_C_Series-2.2.0.295/driverlib/ccs/Debug/</path>
         <kind>archive</kind>
         <file>driverlib.lib</file>
         <name>i2c.obj</name>
      </input_file>
      <input_file id="fl-d5">
         <path>/Users/noah/ti/TivaWare_C_Series-2.2.0.295/driverlib/ccs/Debug/</path>
         <kind>archive</kind>
         <file>driverlib.lib</file>
         <name>interrupt.obj</name>
      </input_file>
      <input_file id="fl-d6">
         <path>/Users/noah/ti/TivaWare_C_Series-2.2.0.295/driverlib/ccs/Debug/</path>
         <kind>archive</kind>
         <file>driverlib.lib</file>
         <name>sysctl.obj</name>
      </input_file>
      <input_file id="fl-d7">
         <path>/Users/noah/ti/TivaWare_C_Series-2.2.0.295/driverlib/ccs/Debug/</path>
         <kind>archive</kind>
         <file>driverlib.lib</file>
         <name>uart.obj</name>
      </input_file>
      <input_file id="fl-d8">
         <path>/Users/noah/ti/TivaWare_C_Series-2.2.0.295/driverlib/ccs/Debug/</path>
         <kind>archive</kind>
         <file>driverlib.lib</file>
         <name>cpu.obj</name>
      </input_file>
   </input_file_list>
   <object_component_list>
      <object_component id="oc-12">
         <name>.intvecs</name>
         <load_address>0x0</load_address>
         <run_address>0x0</run_address>
         <size>0x26c</size>
         <input_file_ref idref="fl-6"/>
      </object_component>
      <object_component id="oc-74">
         <name>.text</name>
         <load_address>0x26c</load_address>
         <run_address>0x26c</run_address>
         <size>0xbd4</size>
         <input_file_ref idref="fl-5"/>
      </object_component>
      <object_component id="oc-2d">
         <name>.text</name>
         <load_address>0xe40</load_address>
         <run_address>0xe40</run_address>
         <size>0x72c</size>
         <input_file_ref idref="fl-3"/>
      </object_component>
      <object_component id="oc-a4">
         <name>.text</name>
         <load_address>0x156c</load_address>
         <run_address>0x156c</run_address>
         <size>0x570</size>
         <input_file_ref idref="fl-a"/>
      </object_component>
      <object_component id="oc-92">
         <name>.text</name>
         <load_address>0x1adc</load_address>
         <run_address>0x1adc</run_address>
         <size>0x4a8</size>
         <input_file_ref idref="fl-7"/>
      </object_component>
      <object_component id="oc-aa">
         <name>.text:SysCtlClockFreqSet</name>
         <load_address>0x1f84</load_address>
         <run_address>0x1f84</run_address>
         <size>0x200</size>
         <input_file_ref idref="fl-d6"/>
      </object_component>
      <object_component id="oc-98">
         <name>.text</name>
         <load_address>0x2184</load_address>
         <run_address>0x2184</run_address>
         <size>0x190</size>
         <input_file_ref idref="fl-9"/>
      </object_component>
      <object_component id="oc-113">
         <name>.text:GPIOPadConfigSet</name>
         <load_address>0x2314</load_address>
         <run_address>0x2314</run_address>
         <size>0x16c</size>
         <input_file_ref idref="fl-d3"/>
      </object_component>
      <object_component id="oc-1a2">
         <name>.text</name>
         <load_address>0x2480</load_address>
         <run_address>0x2480</run_address>
         <size>0x128</size>
         <input_file_ref idref="fl-2"/>
      </object_component>
      <object_component id="oc-9e">
         <name>.text</name>
         <load_address>0x25a8</load_address>
         <run_address>0x25a8</run_address>
         <size>0x11c</size>
         <input_file_ref idref="fl-8"/>
      </object_component>
      <object_component id="oc-172">
         <name>.text:SysCtlClockGet</name>
         <load_address>0x26c4</load_address>
         <run_address>0x26c4</run_address>
         <size>0x118</size>
         <input_file_ref idref="fl-d6"/>
      </object_component>
      <object_component id="oc-41">
         <name>.text</name>
         <load_address>0x27dc</load_address>
         <run_address>0x27dc</run_address>
         <size>0x9c</size>
         <input_file_ref idref="fl-c5"/>
      </object_component>
      <object_component id="oc-df">
         <name>.text</name>
         <load_address>0x2878</load_address>
         <run_address>0x2878</run_address>
         <size>0x7a</size>
         <input_file_ref idref="fl-c6"/>
      </object_component>
      <object_component id="oc-15">
         <name>.text:decompress:lzss:__TI_decompress_lzss</name>
         <load_address>0x28f2</load_address>
         <run_address>0x28f2</run_address>
         <size>0x68</size>
         <input_file_ref idref="fl-ca"/>
      </object_component>
      <object_component id="oc-254">
         <name>.text</name>
         <load_address>0x295a</load_address>
         <run_address>0x295a</run_address>
         <size>0x2</size>
         <input_file_ref idref="fl-cc"/>
      </object_component>
      <object_component id="oc-80">
         <name>.text:GPIOPinConfigure</name>
         <load_address>0x295c</load_address>
         <run_address>0x295c</run_address>
         <size>0x4c</size>
         <input_file_ref idref="fl-d3"/>
      </object_component>
      <object_component id="oc-178">
         <name>.text:I2CMasterInitExpClk</name>
         <load_address>0x29a8</load_address>
         <run_address>0x29a8</run_address>
         <size>0x4c</size>
         <input_file_ref idref="fl-d4"/>
      </object_component>
      <object_component id="oc-1b5">
         <name>.text:_SysCtlFrequencyGet</name>
         <load_address>0x29f4</load_address>
         <run_address>0x29f4</run_address>
         <size>0x48</size>
         <input_file_ref idref="fl-d6"/>
      </object_component>
      <object_component id="oc-122">
         <name>.text:UARTConfigSetExpClk</name>
         <load_address>0x2a3c</load_address>
         <run_address>0x2a3c</run_address>
         <size>0x46</size>
         <input_file_ref idref="fl-d7"/>
      </object_component>
      <object_component id="oc-1ef">
         <name>.text:__TI_auto_init_nobinit_nopinit:__TI_auto_init_nobinit_nopinit</name>
         <load_address>0x2a84</load_address>
         <run_address>0x2a84</run_address>
         <size>0x44</size>
         <input_file_ref idref="fl-cd"/>
      </object_component>
      <object_component id="oc-143">
         <name>.text</name>
         <load_address>0x2ac8</load_address>
         <run_address>0x2ac8</run_address>
         <size>0x40</size>
         <input_file_ref idref="fl-c7"/>
      </object_component>
      <object_component id="oc-11c">
         <name>.text:SysCtlPeripheralPresent</name>
         <load_address>0x2b08</load_address>
         <run_address>0x2b08</run_address>
         <size>0x38</size>
         <input_file_ref idref="fl-d6"/>
      </object_component>
      <object_component id="oc-160">
         <name>.text:SysCtlPeripheralReady</name>
         <load_address>0x2b40</load_address>
         <run_address>0x2b40</run_address>
         <size>0x38</size>
         <input_file_ref idref="fl-d6"/>
      </object_component>
      <object_component id="oc-7a">
         <name>.text:SysCtlPeripheralEnable</name>
         <load_address>0x2b78</load_address>
         <run_address>0x2b78</run_address>
         <size>0x34</size>
         <input_file_ref idref="fl-d6"/>
      </object_component>
      <object_component id="oc-5f">
         <name>.text:_c_int00_noargs:_c_int00_noargs</name>
         <load_address>0x2bac</load_address>
         <run_address>0x2bac</run_address>
         <size>0x34</size>
         <input_file_ref idref="fl-cb"/>
      </object_component>
      <object_component id="oc-10d">
         <name>.text:GPIODirModeSet</name>
         <load_address>0x2be0</load_address>
         <run_address>0x2be0</run_address>
         <size>0x2c</size>
         <input_file_ref idref="fl-d3"/>
      </object_component>
      <object_component id="oc-244">
         <name>.text:UARTDisable</name>
         <load_address>0x2c0c</load_address>
         <run_address>0x2c0c</run_address>
         <size>0x20</size>
         <input_file_ref idref="fl-d7"/>
      </object_component>
      <object_component id="oc-1af">
         <name>.text:_SysCtlMemTimingGet</name>
         <load_address>0x2c2c</load_address>
         <run_address>0x2c2c</run_address>
         <size>0x20</size>
         <input_file_ref idref="fl-d6"/>
      </object_component>
      <object_component id="oc-4d">
         <name>.text:decompress:ZI:__TI_zero_init_nomemset:__TI_zero_init_nomemset</name>
         <load_address>0x2c4c</load_address>
         <run_address>0x2c4c</run_address>
         <size>0x1c</size>
         <input_file_ref idref="fl-c8"/>
      </object_component>
      <object_component id="oc-166">
         <name>.text:GPIOPinTypeI2C</name>
         <load_address>0x2c68</load_address>
         <run_address>0x2c68</run_address>
         <size>0x16</size>
         <input_file_ref idref="fl-d3"/>
      </object_component>
      <object_component id="oc-16c">
         <name>.text:GPIOPinTypeI2CSCL</name>
         <load_address>0x2c7e</load_address>
         <run_address>0x2c7e</run_address>
         <size>0x16</size>
         <input_file_ref idref="fl-d3"/>
      </object_component>
      <object_component id="oc-86">
         <name>.text:GPIOPinTypeUART</name>
         <load_address>0x2c94</load_address>
         <run_address>0x2c94</run_address>
         <size>0x16</size>
         <input_file_ref idref="fl-d3"/>
      </object_component>
      <object_component id="oc-196">
         <name>.text:I2CMasterErr</name>
         <load_address>0x2caa</load_address>
         <run_address>0x2caa</run_address>
         <size>0x16</size>
         <input_file_ref idref="fl-d4"/>
      </object_component>
      <object_component id="oc-128">
         <name>.text:UARTEnable</name>
         <load_address>0x2cc0</load_address>
         <run_address>0x2cc0</run_address>
         <size>0x14</size>
         <input_file_ref idref="fl-d7"/>
      </object_component>
      <object_component id="oc-1b">
         <name>.text:decompress:none:__TI_decompress_none</name>
         <load_address>0x2cd4</load_address>
         <run_address>0x2cd4</run_address>
         <size>0xe</size>
         <input_file_ref idref="fl-c9"/>
      </object_component>
      <object_component id="oc-27">
         <name>.text</name>
         <load_address>0x2ce2</load_address>
         <run_address>0x2ce2</run_address>
         <size>0xc</size>
         <input_file_ref idref="fl-6"/>
      </object_component>
      <object_component id="oc-267">
         <name>.text:I2CMasterEnable</name>
         <load_address>0x2cee</load_address>
         <run_address>0x2cee</run_address>
         <size>0xa</size>
         <input_file_ref idref="fl-d4"/>
      </object_component>
      <object_component id="oc-134">
         <name>.text:UARTCharGet</name>
         <load_address>0x2cf8</load_address>
         <run_address>0x2cf8</run_address>
         <size>0xa</size>
         <input_file_ref idref="fl-d7"/>
      </object_component>
      <object_component id="oc-12e">
         <name>.text:UARTCharPut</name>
         <load_address>0x2d02</load_address>
         <run_address>0x2d02</run_address>
         <size>0xa</size>
         <input_file_ref idref="fl-d7"/>
      </object_component>
      <object_component id="oc-190">
         <name>.text:I2CMasterBusy</name>
         <load_address>0x2d0c</load_address>
         <run_address>0x2d0c</run_address>
         <size>0x8</size>
         <input_file_ref idref="fl-d4"/>
      </object_component>
      <object_component id="oc-17e">
         <name>.text:I2CMasterSlaveAddrSet</name>
         <load_address>0x2d14</load_address>
         <run_address>0x2d14</run_address>
         <size>0x8</size>
         <input_file_ref idref="fl-d4"/>
      </object_component>
      <object_component id="oc-b7">
         <name>.text:SysCtlDelay</name>
         <load_address>0x2d1c</load_address>
         <run_address>0x2d1c</run_address>
         <size>0x6</size>
         <input_file_ref idref="fl-d6"/>
      </object_component>
      <object_component id="oc-8c">
         <name>.text:UARTClockSourceSet</name>
         <load_address>0x2d22</load_address>
         <run_address>0x2d22</run_address>
         <size>0x6</size>
         <input_file_ref idref="fl-d7"/>
      </object_component>
      <object_component id="oc-18a">
         <name>.text:I2CMasterControl</name>
         <load_address>0x2d28</load_address>
         <run_address>0x2d28</run_address>
         <size>0x4</size>
         <input_file_ref idref="fl-d4"/>
      </object_component>
      <object_component id="oc-19c">
         <name>.text:I2CMasterDataGet</name>
         <load_address>0x2d2c</load_address>
         <run_address>0x2d2c</run_address>
         <size>0x4</size>
         <input_file_ref idref="fl-d4"/>
      </object_component>
      <object_component id="oc-184">
         <name>.text:I2CMasterDataPut</name>
         <load_address>0x2d30</load_address>
         <run_address>0x2d30</run_address>
         <size>0x4</size>
         <input_file_ref idref="fl-d4"/>
      </object_component>
      <object_component id="oc-e5">
         <name>.text:_system_pre_init</name>
         <load_address>0x2d34</load_address>
         <run_address>0x2d34</run_address>
         <size>0x4</size>
         <input_file_ref idref="fl-ce"/>
      </object_component>
      <object_component id="oc-1e3">
         <name>.text:abort:abort</name>
         <load_address>0x2d38</load_address>
         <run_address>0x2d38</run_address>
         <size>0x4</size>
         <input_file_ref idref="fl-d0"/>
      </object_component>
      <object_component id="oc-1be">
         <name>.const:g_pppui32XTALtoVCO</name>
         <load_address>0x2d3c</load_address>
         <run_address>0x2d3c</run_address>
         <size>0x1b0</size>
         <input_file_ref idref="fl-d6"/>
      </object_component>
      <object_component id="oc-275">
         <name>.const:t_lut</name>
         <load_address>0x2eec</load_address>
         <run_address>0x2eec</run_address>
         <size>0x194</size>
         <input_file_ref idref="fl-2"/>
      </object_component>
      <object_component id="oc-278">
         <name>.const:s_lut</name>
         <load_address>0x3080</load_address>
         <run_address>0x3080</run_address>
         <size>0x16c</size>
         <input_file_ref idref="fl-2"/>
      </object_component>
      <object_component id="oc-108">
         <name>.const:g_pui32GPIOBaseAddrs</name>
         <load_address>0x31ec</load_address>
         <run_address>0x31ec</run_address>
         <size>0x90</size>
         <input_file_ref idref="fl-d3"/>
      </object_component>
      <object_component id="oc-1bb">
         <name>.const:g_pui32Xtals</name>
         <load_address>0x327c</load_address>
         <run_address>0x327c</run_address>
         <size>0x6c</size>
         <input_file_ref idref="fl-d6"/>
      </object_component>
      <object_component id="oc-27e">
         <name>.const:g_sXTALtoMEMTIM</name>
         <load_address>0x32e8</load_address>
         <run_address>0x32e8</run_address>
         <size>0x30</size>
         <input_file_ref idref="fl-d6"/>
      </object_component>
      <object_component id="oc-221">
         <name>.const:.string</name>
         <load_address>0x3318</load_address>
         <run_address>0x3318</run_address>
         <size>0x20</size>
         <input_file_ref idref="fl-5"/>
      </object_component>
      <object_component id="oc-25a">
         <name>.const:.string</name>
         <load_address>0x3338</load_address>
         <run_address>0x3338</run_address>
         <size>0x12</size>
         <input_file_ref idref="fl-7"/>
      </object_component>
      <object_component id="oc-140">
         <name>.const:g_ui32UARTBase</name>
         <load_address>0x334c</load_address>
         <run_address>0x334c</run_address>
         <size>0xc</size>
         <input_file_ref idref="fl-7"/>
      </object_component>
      <object_component id="oc-13a">
         <name>.const:g_ui32UARTPeriph</name>
         <load_address>0x3358</load_address>
         <run_address>0x3358</run_address>
         <size>0xc</size>
         <input_file_ref idref="fl-7"/>
      </object_component>
      <object_component id="oc-1c1">
         <name>.const:g_pui32VCOFrequencies</name>
         <load_address>0x3364</load_address>
         <run_address>0x3364</run_address>
         <size>0x8</size>
         <input_file_ref idref="fl-d6"/>
      </object_component>
      <object_component id="oc-148">
         <name>.const</name>
         <load_address>0x336c</load_address>
         <run_address>0x336c</run_address>
         <size>0x4</size>
         <input_file_ref idref="fl-7"/>
      </object_component>
      <object_component id="oc-312">
         <name>.cinit..data.load</name>
         <load_address>0x3370</load_address>
         <run_address>0x3370</run_address>
         <size>0x21</size>
      </object_component>
      <object_component id="oc-310">
         <name>__TI_handler_table</name>
         <load_address>0x3394</load_address>
         <run_address>0x3394</run_address>
         <size>0xc</size>
      </object_component>
      <object_component id="oc-313">
         <name>.cinit..bss.load</name>
         <load_address>0x33a0</load_address>
         <run_address>0x33a0</run_address>
         <size>0x8</size>
      </object_component>
      <object_component id="oc-311">
         <name>__TI_cinit_table</name>
         <load_address>0x33a8</load_address>
         <run_address>0x33a8</run_address>
         <size>0x10</size>
      </object_component>
      <object_component id="oc-b3">
         <name>.data</name>
         <load_address>0x200002dc</load_address>
         <run_address>0x200002dc</run_address>
         <size>0x4</size>
         <input_file_ref idref="fl-3"/>
      </object_component>
      <object_component id="oc-f7">
         <name>.data:UARTPortMapping</name>
         <load_address>0x200002b4</load_address>
         <run_address>0x200002b4</run_address>
         <size>0x20</size>
         <input_file_ref idref="fl-5"/>
      </object_component>
      <object_component id="oc-13d">
         <name>.data</name>
         <load_address>0x200002d4</load_address>
         <run_address>0x200002d4</run_address>
         <size>0x5</size>
         <input_file_ref idref="fl-7"/>
      </object_component>
      <object_component id="oc-b6">
         <name>.common:robot_car</name>
         <uninitialized>true</uninitialized>
         <run_address>0x20000200</run_address>
         <size>0x98</size>
      </object_component>
      <object_component id="oc-b0">
         <name>.common:current_state</name>
         <uninitialized>true</uninitialized>
         <run_address>0x20000298</run_address>
         <size>0x1c</size>
      </object_component>
      <object_component id="oc-24">
         <name>.stack</name>
         <uninitialized>true</uninitialized>
         <run_address>0x20000000</run_address>
         <size>0x4</size>
         <input_file_ref idref="fl-cb"/>
      </object_component>
      <object_component id="oc-315">
         <name>.stack</name>
         <uninitialized>true</uninitialized>
         <run_address>0x20000000</run_address>
         <size>0x0</size>
      </object_component>
      <object_component id="oc-2b0">
         <name>.debug_info</name>
         <load_address>0x0</load_address>
         <run_address>0x0</run_address>
         <size>0x270</size>
         <input_file_ref idref="fl-2"/>
      </object_component>
      <object_component id="oc-276">
         <name>.debug_info</name>
         <load_address>0x270</load_address>
         <run_address>0x270</run_address>
         <size>0xce</size>
         <input_file_ref idref="fl-2"/>
      </object_component>
      <object_component id="oc-279">
         <name>.debug_info</name>
         <load_address>0x33e</load_address>
         <run_address>0x33e</run_address>
         <size>0xce</size>
         <input_file_ref idref="fl-2"/>
      </object_component>
      <object_component id="oc-1a3">
         <name>.debug_info</name>
         <load_address>0x40c</load_address>
         <run_address>0x40c</run_address>
         <size>0x2c2</size>
         <input_file_ref idref="fl-2"/>
      </object_component>
      <object_component id="oc-3c">
         <name>.debug_info</name>
         <load_address>0x6ce</load_address>
         <run_address>0x6ce</run_address>
         <size>0x84</size>
         <input_file_ref idref="fl-2"/>
      </object_component>
      <object_component id="oc-b1">
         <name>.debug_info</name>
         <load_address>0x752</load_address>
         <run_address>0x752</run_address>
         <size>0x96f</size>
         <input_file_ref idref="fl-3"/>
      </object_component>
      <object_component id="oc-b4">
         <name>.debug_info</name>
         <load_address>0x10c1</load_address>
         <run_address>0x10c1</run_address>
         <size>0xca</size>
         <input_file_ref idref="fl-3"/>
      </object_component>
      <object_component id="oc-2f">
         <name>.debug_info</name>
         <load_address>0x118b</load_address>
         <run_address>0x118b</run_address>
         <size>0xafe</size>
         <input_file_ref idref="fl-3"/>
      </object_component>
      <object_component id="oc-c5">
         <name>.debug_info</name>
         <load_address>0x1c89</load_address>
         <run_address>0x1c89</run_address>
         <size>0x26b</size>
         <input_file_ref idref="fl-3"/>
      </object_component>
      <object_component id="oc-b9">
         <name>.debug_info</name>
         <load_address>0x1ef4</load_address>
         <run_address>0x1ef4</run_address>
         <size>0x8b</size>
         <input_file_ref idref="fl-3"/>
      </object_component>
      <object_component id="oc-1ce">
         <name>.debug_info</name>
         <load_address>0x1f7f</load_address>
         <run_address>0x1f7f</run_address>
         <size>0x2a4</size>
         <input_file_ref idref="fl-3"/>
      </object_component>
      <object_component id="oc-be">
         <name>.debug_info</name>
         <load_address>0x2223</load_address>
         <run_address>0x2223</run_address>
         <size>0xbb</size>
         <input_file_ref idref="fl-3"/>
      </object_component>
      <object_component id="oc-14d">
         <name>.debug_info</name>
         <load_address>0x22de</load_address>
         <run_address>0x22de</run_address>
         <size>0x2c</size>
         <input_file_ref idref="fl-3"/>
      </object_component>
      <object_component id="oc-fb">
         <name>.debug_info</name>
         <load_address>0x230a</load_address>
         <run_address>0x230a</run_address>
         <size>0x7aa</size>
         <input_file_ref idref="fl-3"/>
      </object_component>
      <object_component id="oc-15a">
         <name>.debug_info</name>
         <load_address>0x2ab4</load_address>
         <run_address>0x2ab4</run_address>
         <size>0x76</size>
         <input_file_ref idref="fl-3"/>
      </object_component>
      <object_component id="oc-154">
         <name>.debug_info</name>
         <load_address>0x2b2a</load_address>
         <run_address>0x2b2a</run_address>
         <size>0xcd</size>
         <input_file_ref idref="fl-3"/>
      </object_component>
      <object_component id="oc-1a9">
         <name>.debug_info</name>
         <load_address>0x2bf7</load_address>
         <run_address>0x2bf7</run_address>
         <size>0xda</size>
         <input_file_ref idref="fl-3"/>
      </object_component>
      <object_component id="oc-1c7">
         <name>.debug_info</name>
         <load_address>0x2cd1</load_address>
         <run_address>0x2cd1</run_address>
         <size>0x1f2</size>
         <input_file_ref idref="fl-3"/>
      </object_component>
      <object_component id="oc-100">
         <name>.debug_info</name>
         <load_address>0x2ec3</load_address>
         <run_address>0x2ec3</run_address>
         <size>0x2ad</size>
         <input_file_ref idref="fl-5"/>
      </object_component>
      <object_component id="oc-f8">
         <name>.debug_info</name>
         <load_address>0x3170</load_address>
         <run_address>0x3170</run_address>
         <size>0xee</size>
         <input_file_ref idref="fl-5"/>
      </object_component>
      <object_component id="oc-75">
         <name>.debug_info</name>
         <load_address>0x325e</load_address>
         <run_address>0x325e</run_address>
         <size>0x1d28</size>
         <input_file_ref idref="fl-5"/>
      </object_component>
      <object_component id="oc-35">
         <name>.debug_info</name>
         <load_address>0x4f86</load_address>
         <run_address>0x4f86</run_address>
         <size>0x2d9</size>
         <input_file_ref idref="fl-6"/>
      </object_component>
      <object_component id="oc-13">
         <name>.debug_info</name>
         <load_address>0x525f</load_address>
         <run_address>0x525f</run_address>
         <size>0xee</size>
         <input_file_ref idref="fl-6"/>
      </object_component>
      <object_component id="oc-28">
         <name>.debug_info</name>
         <load_address>0x534d</load_address>
         <run_address>0x534d</run_address>
         <size>0x26a</size>
         <input_file_ref idref="fl-6"/>
      </object_component>
      <object_component id="oc-14c">
         <name>.debug_info</name>
         <load_address>0x55b7</load_address>
         <run_address>0x55b7</run_address>
         <size>0x3e3</size>
         <input_file_ref idref="fl-7"/>
      </object_component>
      <object_component id="oc-13e">
         <name>.debug_info</name>
         <load_address>0x599a</load_address>
         <run_address>0x599a</run_address>
         <size>0xda</size>
         <input_file_ref idref="fl-7"/>
      </object_component>
      <object_component id="oc-149">
         <name>.debug_info</name>
         <load_address>0x5a74</load_address>
         <run_address>0x5a74</run_address>
         <size>0xd4</size>
         <input_file_ref idref="fl-7"/>
      </object_component>
      <object_component id="oc-141">
         <name>.debug_info</name>
         <load_address>0x5b48</load_address>
         <run_address>0x5b48</run_address>
         <size>0xe2</size>
         <input_file_ref idref="fl-7"/>
      </object_component>
      <object_component id="oc-13b">
         <name>.debug_info</name>
         <load_address>0x5c2a</load_address>
         <run_address>0x5c2a</run_address>
         <size>0xe6</size>
         <input_file_ref idref="fl-7"/>
      </object_component>
      <object_component id="oc-93">
         <name>.debug_info</name>
         <load_address>0x5d10</load_address>
         <run_address>0x5d10</run_address>
         <size>0x783</size>
         <input_file_ref idref="fl-7"/>
      </object_component>
      <object_component id="oc-15f">
         <name>.debug_info</name>
         <load_address>0x6493</load_address>
         <run_address>0x6493</run_address>
         <size>0x400</size>
         <input_file_ref idref="fl-8"/>
      </object_component>
      <object_component id="oc-a1">
         <name>.debug_info</name>
         <load_address>0x6893</load_address>
         <run_address>0x6893</run_address>
         <size>0x3e1</size>
         <input_file_ref idref="fl-8"/>
      </object_component>
      <object_component id="oc-153">
         <name>.debug_info</name>
         <load_address>0x6c74</load_address>
         <run_address>0x6c74</run_address>
         <size>0x321</size>
         <input_file_ref idref="fl-9"/>
      </object_component>
      <object_component id="oc-99">
         <name>.debug_info</name>
         <load_address>0x6f95</load_address>
         <run_address>0x6f95</run_address>
         <size>0x568</size>
         <input_file_ref idref="fl-9"/>
      </object_component>
      <object_component id="oc-1ae">
         <name>.debug_info</name>
         <load_address>0x74fd</load_address>
         <run_address>0x74fd</run_address>
         <size>0x5af</size>
         <input_file_ref idref="fl-a"/>
      </object_component>
      <object_component id="oc-a5">
         <name>.debug_info</name>
         <load_address>0x7aac</load_address>
         <run_address>0x7aac</run_address>
         <size>0xecd</size>
         <input_file_ref idref="fl-a"/>
      </object_component>
      <object_component id="oc-44">
         <name>.debug_info</name>
         <load_address>0x8979</load_address>
         <run_address>0x8979</run_address>
         <size>0x119</size>
         <input_file_ref idref="fl-c5"/>
      </object_component>
      <object_component id="oc-e2">
         <name>.debug_info</name>
         <load_address>0x8a92</load_address>
         <run_address>0x8a92</run_address>
         <size>0x147</size>
         <input_file_ref idref="fl-c6"/>
      </object_component>
      <object_component id="oc-145">
         <name>.debug_info</name>
         <load_address>0x8bd9</load_address>
         <run_address>0x8bd9</run_address>
         <size>0x142</size>
         <input_file_ref idref="fl-c7"/>
      </object_component>
      <object_component id="oc-de">
         <name>.debug_info</name>
         <load_address>0x8d1b</load_address>
         <run_address>0x8d1b</run_address>
         <size>0x2d4</size>
         <input_file_ref idref="fl-c8"/>
      </object_component>
      <object_component id="oc-4e">
         <name>.debug_info</name>
         <load_address>0x8fef</load_address>
         <run_address>0x8fef</run_address>
         <size>0x1d2</size>
         <input_file_ref idref="fl-c8"/>
      </object_component>
      <object_component id="oc-d9">
         <name>.debug_info</name>
         <load_address>0x91c1</load_address>
         <run_address>0x91c1</run_address>
         <size>0x46</size>
         <input_file_ref idref="fl-c8"/>
      </object_component>
      <object_component id="oc-1da">
         <name>.debug_info</name>
         <load_address>0x9207</load_address>
         <run_address>0x9207</run_address>
         <size>0x2c</size>
         <input_file_ref idref="fl-c8"/>
      </object_component>
      <object_component id="oc-4c">
         <name>.debug_info</name>
         <load_address>0x9233</load_address>
         <run_address>0x9233</run_address>
         <size>0x2a8</size>
         <input_file_ref idref="fl-c9"/>
      </object_component>
      <object_component id="oc-1d">
         <name>.debug_info</name>
         <load_address>0x94db</load_address>
         <run_address>0x94db</run_address>
         <size>0x1ea</size>
         <input_file_ref idref="fl-c9"/>
      </object_component>
      <object_component id="oc-47">
         <name>.debug_info</name>
         <load_address>0x96c5</load_address>
         <run_address>0x96c5</run_address>
         <size>0x46</size>
         <input_file_ref idref="fl-c9"/>
      </object_component>
      <object_component id="oc-d1">
         <name>.debug_info</name>
         <load_address>0x970b</load_address>
         <run_address>0x970b</run_address>
         <size>0x2c</size>
         <input_file_ref idref="fl-c9"/>
      </object_component>
      <object_component id="oc-cf">
         <name>.debug_info</name>
         <load_address>0x9737</load_address>
         <run_address>0x9737</run_address>
         <size>0x29e</size>
         <input_file_ref idref="fl-ca"/>
      </object_component>
      <object_component id="oc-18">
         <name>.debug_info</name>
         <load_address>0x99d5</load_address>
         <run_address>0x99d5</run_address>
         <size>0x250</size>
         <input_file_ref idref="fl-ca"/>
      </object_component>
      <object_component id="oc-37">
         <name>.debug_info</name>
         <load_address>0x9c25</load_address>
         <run_address>0x9c25</run_address>
         <size>0x60</size>
         <input_file_ref idref="fl-ca"/>
      </object_component>
      <object_component id="oc-1d3">
         <name>.debug_info</name>
         <load_address>0x9c85</load_address>
         <run_address>0x9c85</run_address>
         <size>0x46</size>
         <input_file_ref idref="fl-ca"/>
      </object_component>
      <object_component id="oc-ca">
         <name>.debug_info</name>
         <load_address>0x9ccb</load_address>
         <run_address>0x9ccb</run_address>
         <size>0x39</size>
         <input_file_ref idref="fl-ca"/>
      </object_component>
      <object_component id="oc-25">
         <name>.debug_info</name>
         <load_address>0x9d04</load_address>
         <run_address>0x9d04</run_address>
         <size>0x10b</size>
         <input_file_ref idref="fl-cb"/>
      </object_component>
      <object_component id="oc-62">
         <name>.debug_info</name>
         <load_address>0x9e0f</load_address>
         <run_address>0x9e0f</run_address>
         <size>0x1a9</size>
         <input_file_ref idref="fl-cb"/>
      </object_component>
      <object_component id="oc-257">
         <name>.debug_info</name>
         <load_address>0x9fb8</load_address>
         <run_address>0x9fb8</run_address>
         <size>0x115</size>
         <input_file_ref idref="fl-cc"/>
      </object_component>
      <object_component id="oc-294">
         <name>.debug_info</name>
         <load_address>0xa0cd</load_address>
         <run_address>0xa0cd</run_address>
         <size>0x4b3</size>
         <input_file_ref idref="fl-cd"/>
      </object_component>
      <object_component id="oc-1f2">
         <name>.debug_info</name>
         <load_address>0xa580</load_address>
         <run_address>0xa580</run_address>
         <size>0x1a6</size>
         <input_file_ref idref="fl-cd"/>
      </object_component>
      <object_component id="oc-2c5">
         <name>.debug_info</name>
         <load_address>0xa726</load_address>
         <run_address>0xa726</run_address>
         <size>0x39</size>
         <input_file_ref idref="fl-cd"/>
      </object_component>
      <object_component id="oc-2db">
         <name>.debug_info</name>
         <load_address>0xa75f</load_address>
         <run_address>0xa75f</run_address>
         <size>0x39</size>
         <input_file_ref idref="fl-cd"/>
      </object_component>
      <object_component id="oc-2ca">
         <name>.debug_info</name>
         <load_address>0xa798</load_address>
         <run_address>0xa798</run_address>
         <size>0x39</size>
         <input_file_ref idref="fl-cd"/>
      </object_component>
      <object_component id="oc-2cf">
         <name>.debug_info</name>
         <load_address>0xa7d1</load_address>
         <run_address>0xa7d1</run_address>
         <size>0xcd</size>
         <input_file_ref idref="fl-cd"/>
      </object_component>
      <object_component id="oc-e6">
         <name>.debug_info</name>
         <load_address>0xa89e</load_address>
         <run_address>0xa89e</run_address>
         <size>0x153</size>
         <input_file_ref idref="fl-ce"/>
      </object_component>
      <object_component id="oc-1e4">
         <name>.debug_info</name>
         <load_address>0xa9f1</load_address>
         <run_address>0xa9f1</run_address>
         <size>0x122</size>
         <input_file_ref idref="fl-d0"/>
      </object_component>
      <object_component id="oc-10c">
         <name>.debug_info</name>
         <load_address>0xab13</load_address>
         <run_address>0xab13</run_address>
         <size>0x3e4</size>
         <input_file_ref idref="fl-d3"/>
      </object_component>
      <object_component id="oc-109">
         <name>.debug_info</name>
         <load_address>0xaef7</load_address>
         <run_address>0xaef7</run_address>
         <size>0x164</size>
         <input_file_ref idref="fl-d3"/>
      </object_component>
      <object_component id="oc-10f">
         <name>.debug_info</name>
         <load_address>0xb05b</load_address>
         <run_address>0xb05b</run_address>
         <size>0x2bc</size>
         <input_file_ref idref="fl-d3"/>
      </object_component>
      <object_component id="oc-115">
         <name>.debug_info</name>
         <load_address>0xb317</load_address>
         <run_address>0xb317</run_address>
         <size>0x31f</size>
         <input_file_ref idref="fl-d3"/>
      </object_component>
      <object_component id="oc-88">
         <name>.debug_info</name>
         <load_address>0xb636</load_address>
         <run_address>0xb636</run_address>
         <size>0x29b</size>
         <input_file_ref idref="fl-d3"/>
      </object_component>
      <object_component id="oc-16e">
         <name>.debug_info</name>
         <load_address>0xb8d1</load_address>
         <run_address>0xb8d1</run_address>
         <size>0x29f</size>
         <input_file_ref idref="fl-d3"/>
      </object_component>
      <object_component id="oc-169">
         <name>.debug_info</name>
         <load_address>0xbb70</load_address>
         <run_address>0xbb70</run_address>
         <size>0x299</size>
         <input_file_ref idref="fl-d3"/>
      </object_component>
      <object_component id="oc-83">
         <name>.debug_info</name>
         <load_address>0xbe09</load_address>
         <run_address>0xbe09</run_address>
         <size>0x289</size>
         <input_file_ref idref="fl-d3"/>
      </object_component>
      <object_component id="oc-236">
         <name>.debug_info</name>
         <load_address>0xc092</load_address>
         <run_address>0xc092</run_address>
         <size>0x26b</size>
         <input_file_ref idref="fl-d3"/>
      </object_component>
      <object_component id="oc-226">
         <name>.debug_info</name>
         <load_address>0xc2fd</load_address>
         <run_address>0xc2fd</run_address>
         <size>0x297</size>
         <input_file_ref idref="fl-d3"/>
      </object_component>
      <object_component id="oc-231">
         <name>.debug_info</name>
         <load_address>0xc594</load_address>
         <run_address>0xc594</run_address>
         <size>0xef</size>
         <input_file_ref idref="fl-d3"/>
      </object_component>
      <object_component id="oc-102">
         <name>.debug_info</name>
         <load_address>0xc683</load_address>
         <run_address>0xc683</run_address>
         <size>0xbb</size>
         <input_file_ref idref="fl-d3"/>
      </object_component>
      <object_component id="oc-26e">
         <name>.debug_info</name>
         <load_address>0xc73e</load_address>
         <run_address>0xc73e</run_address>
         <size>0x3d5</size>
         <input_file_ref idref="fl-d4"/>
      </object_component>
      <object_component id="oc-180">
         <name>.debug_info</name>
         <load_address>0xcb13</load_address>
         <run_address>0xcb13</run_address>
         <size>0x2d7</size>
         <input_file_ref idref="fl-d4"/>
      </object_component>
      <object_component id="oc-269">
         <name>.debug_info</name>
         <load_address>0xcdea</load_address>
         <run_address>0xcdea</run_address>
         <size>0x257</size>
         <input_file_ref idref="fl-d4"/>
      </object_component>
      <object_component id="oc-17a">
         <name>.debug_info</name>
         <load_address>0xd041</load_address>
         <run_address>0xd041</run_address>
         <size>0x2f1</size>
         <input_file_ref idref="fl-d4"/>
      </object_component>
      <object_component id="oc-198">
         <name>.debug_info</name>
         <load_address>0xd332</load_address>
         <run_address>0xd332</run_address>
         <size>0x272</size>
         <input_file_ref idref="fl-d4"/>
      </object_component>
      <object_component id="oc-186">
         <name>.debug_info</name>
         <load_address>0xd5a4</load_address>
         <run_address>0xd5a4</run_address>
         <size>0x287</size>
         <input_file_ref idref="fl-d4"/>
      </object_component>
      <object_component id="oc-19e">
         <name>.debug_info</name>
         <load_address>0xd82b</load_address>
         <run_address>0xd82b</run_address>
         <size>0x25d</size>
         <input_file_ref idref="fl-d4"/>
      </object_component>
      <object_component id="oc-18c">
         <name>.debug_info</name>
         <load_address>0xda88</load_address>
         <run_address>0xda88</run_address>
         <size>0x287</size>
         <input_file_ref idref="fl-d4"/>
      </object_component>
      <object_component id="oc-192">
         <name>.debug_info</name>
         <load_address>0xdd0f</load_address>
         <run_address>0xdd0f</run_address>
         <size>0x257</size>
         <input_file_ref idref="fl-d4"/>
      </object_component>
      <object_component id="oc-107">
         <name>.debug_info</name>
         <load_address>0xdf66</load_address>
         <run_address>0xdf66</run_address>
         <size>0x441</size>
         <input_file_ref idref="fl-d6"/>
      </object_component>
      <object_component id="oc-1bc">
         <name>.debug_info</name>
         <load_address>0xe3a7</load_address>
         <run_address>0xe3a7</run_address>
         <size>0x156</size>
         <input_file_ref idref="fl-d6"/>
      </object_component>
      <object_component id="oc-1bf">
         <name>.debug_info</name>
         <load_address>0xe4fd</load_address>
         <run_address>0xe4fd</run_address>
         <size>0x162</size>
         <input_file_ref idref="fl-d6"/>
      </object_component>
      <object_component id="oc-27f">
         <name>.debug_info</name>
         <load_address>0xe65f</load_address>
         <run_address>0xe65f</run_address>
         <size>0x15c</size>
         <input_file_ref idref="fl-d6"/>
      </object_component>
      <object_component id="oc-1c2">
         <name>.debug_info</name>
         <load_address>0xe7bb</load_address>
         <run_address>0xe7bb</run_address>
         <size>0x169</size>
         <input_file_ref idref="fl-d6"/>
      </object_component>
      <object_component id="oc-164">
         <name>.debug_info</name>
         <load_address>0xe924</load_address>
         <run_address>0xe924</run_address>
         <size>0x288</size>
         <input_file_ref idref="fl-d6"/>
      </object_component>
      <object_component id="oc-120">
         <name>.debug_info</name>
         <load_address>0xebac</load_address>
         <run_address>0xebac</run_address>
         <size>0x28c</size>
         <input_file_ref idref="fl-d6"/>
      </object_component>
      <object_component id="oc-7e">
         <name>.debug_info</name>
         <load_address>0xee38</load_address>
         <run_address>0xee38</run_address>
         <size>0x286</size>
         <input_file_ref idref="fl-d6"/>
      </object_component>
      <object_component id="oc-176">
         <name>.debug_info</name>
         <load_address>0xf0be</load_address>
         <run_address>0xf0be</run_address>
         <size>0x2be</size>
         <input_file_ref idref="fl-d6"/>
      </object_component>
      <object_component id="oc-1b3">
         <name>.debug_info</name>
         <load_address>0xf37c</load_address>
         <run_address>0xf37c</run_address>
         <size>0x279</size>
         <input_file_ref idref="fl-d6"/>
      </object_component>
      <object_component id="oc-1b9">
         <name>.debug_info</name>
         <load_address>0xf5f5</load_address>
         <run_address>0xf5f5</run_address>
         <size>0x2c3</size>
         <input_file_ref idref="fl-d6"/>
      </object_component>
      <object_component id="oc-ae">
         <name>.debug_info</name>
         <load_address>0xf8b8</load_address>
         <run_address>0xf8b8</run_address>
         <size>0x4a3</size>
         <input_file_ref idref="fl-d6"/>
      </object_component>
      <object_component id="oc-22d">
         <name>.debug_info</name>
         <load_address>0xfd5b</load_address>
         <run_address>0xfd5b</run_address>
         <size>0x51</size>
         <input_file_ref idref="fl-d6"/>
      </object_component>
      <object_component id="oc-11b">
         <name>.debug_info</name>
         <load_address>0xfdac</load_address>
         <run_address>0xfdac</run_address>
         <size>0x3cb</size>
         <input_file_ref idref="fl-d7"/>
      </object_component>
      <object_component id="oc-12c">
         <name>.debug_info</name>
         <load_address>0x10177</load_address>
         <run_address>0x10177</run_address>
         <size>0x250</size>
         <input_file_ref idref="fl-d7"/>
      </object_component>
      <object_component id="oc-248">
         <name>.debug_info</name>
         <load_address>0x103c7</load_address>
         <run_address>0x103c7</run_address>
         <size>0x252</size>
         <input_file_ref idref="fl-d7"/>
      </object_component>
      <object_component id="oc-126">
         <name>.debug_info</name>
         <load_address>0x10619</load_address>
         <run_address>0x10619</run_address>
         <size>0x32f</size>
         <input_file_ref idref="fl-d7"/>
      </object_component>
      <object_component id="oc-90">
         <name>.debug_info</name>
         <load_address>0x10948</load_address>
         <run_address>0x10948</run_address>
         <size>0x29a</size>
         <input_file_ref idref="fl-d7"/>
      </object_component>
      <object_component id="oc-131">
         <name>.debug_info</name>
         <load_address>0x10be2</load_address>
         <run_address>0x10be2</run_address>
         <size>0x27c</size>
         <input_file_ref idref="fl-d7"/>
      </object_component>
      <object_component id="oc-137">
         <name>.debug_info</name>
         <load_address>0x10e5e</load_address>
         <run_address>0x10e5e</run_address>
         <size>0x256</size>
         <input_file_ref idref="fl-d7"/>
      </object_component>
      <object_component id="oc-316">
         <name>.debug_info</name>
         <load_address>0x110b4</load_address>
         <run_address>0x110b4</run_address>
         <size>0xa1</size>
      </object_component>
      <object_component id="oc-2d7">
         <name>.debug_line</name>
         <load_address>0x0</load_address>
         <run_address>0x0</run_address>
         <size>0x20</size>
         <input_file_ref idref="fl-2"/>
      </object_component>
      <object_component id="oc-2af">
         <name>.debug_line</name>
         <load_address>0x20</load_address>
         <run_address>0x20</run_address>
         <size>0x2f</size>
         <input_file_ref idref="fl-2"/>
      </object_component>
      <object_component id="oc-2b2">
         <name>.debug_line</name>
         <load_address>0x4f</load_address>
         <run_address>0x4f</run_address>
         <size>0x2f</size>
         <input_file_ref idref="fl-2"/>
      </object_component>
      <object_component id="oc-1a6">
         <name>.debug_line</name>
         <load_address>0x7e</load_address>
         <run_address>0x7e</run_address>
         <size>0xc0</size>
         <input_file_ref idref="fl-2"/>
      </object_component>
      <object_component id="oc-3f">
         <name>.debug_line</name>
         <load_address>0x13e</load_address>
         <run_address>0x13e</run_address>
         <size>0x20</size>
         <input_file_ref idref="fl-2"/>
      </object_component>
      <object_component id="oc-1c6">
         <name>.debug_line</name>
         <load_address>0x15e</load_address>
         <run_address>0x15e</run_address>
         <size>0x1c7</size>
         <input_file_ref idref="fl-3"/>
      </object_component>
      <object_component id="oc-1cd">
         <name>.debug_line</name>
         <load_address>0x325</load_address>
         <run_address>0x325</run_address>
         <size>0x2d</size>
         <input_file_ref idref="fl-3"/>
      </object_component>
      <object_component id="oc-31">
         <name>.debug_line</name>
         <load_address>0x352</load_address>
         <run_address>0x352</run_address>
         <size>0x213</size>
         <input_file_ref idref="fl-3"/>
      </object_component>
      <object_component id="oc-c8">
         <name>.debug_line</name>
         <load_address>0x565</load_address>
         <run_address>0x565</run_address>
         <size>0x7a</size>
         <input_file_ref idref="fl-3"/>
      </object_component>
      <object_component id="oc-bc">
         <name>.debug_line</name>
         <load_address>0x5df</load_address>
         <run_address>0x5df</run_address>
         <size>0x20</size>
         <input_file_ref idref="fl-3"/>
      </object_component>
      <object_component id="oc-1d1">
         <name>.debug_line</name>
         <load_address>0x5ff</load_address>
         <run_address>0x5ff</run_address>
         <size>0x7e</size>
         <input_file_ref idref="fl-3"/>
      </object_component>
      <object_component id="oc-c1">
         <name>.debug_line</name>
         <load_address>0x67d</load_address>
         <run_address>0x67d</run_address>
         <size>0x7b</size>
         <input_file_ref idref="fl-3"/>
      </object_component>
      <object_component id="oc-150">
         <name>.debug_line</name>
         <load_address>0x6f8</load_address>
         <run_address>0x6f8</run_address>
         <size>0x76</size>
         <input_file_ref idref="fl-3"/>
      </object_component>
      <object_component id="oc-fe">
         <name>.debug_line</name>
         <load_address>0x76e</load_address>
         <run_address>0x76e</run_address>
         <size>0x4d</size>
         <input_file_ref idref="fl-3"/>
      </object_component>
      <object_component id="oc-15d">
         <name>.debug_line</name>
         <load_address>0x7bb</load_address>
         <run_address>0x7bb</run_address>
         <size>0x45</size>
         <input_file_ref idref="fl-3"/>
      </object_component>
      <object_component id="oc-157">
         <name>.debug_line</name>
         <load_address>0x800</load_address>
         <run_address>0x800</run_address>
         <size>0x44</size>
         <input_file_ref idref="fl-3"/>
      </object_component>
      <object_component id="oc-1ac">
         <name>.debug_line</name>
         <load_address>0x844</load_address>
         <run_address>0x844</run_address>
         <size>0x45</size>
         <input_file_ref idref="fl-3"/>
      </object_component>
      <object_component id="oc-1ca">
         <name>.debug_line</name>
         <load_address>0x889</load_address>
         <run_address>0x889</run_address>
         <size>0x2d</size>
         <input_file_ref idref="fl-3"/>
      </object_component>
      <object_component id="oc-225">
         <name>.debug_line</name>
         <load_address>0x8b6</load_address>
         <run_address>0x8b6</run_address>
         <size>0x20</size>
         <input_file_ref idref="fl-5"/>
      </object_component>
      <object_component id="oc-223">
         <name>.debug_line</name>
         <load_address>0x8d6</load_address>
         <run_address>0x8d6</run_address>
         <size>0x3b</size>
         <input_file_ref idref="fl-5"/>
      </object_component>
      <object_component id="oc-78">
         <name>.debug_line</name>
         <load_address>0x911</load_address>
         <run_address>0x911</run_address>
         <size>0x67c</size>
         <input_file_ref idref="fl-5"/>
      </object_component>
      <object_component id="oc-c4">
         <name>.debug_line</name>
         <load_address>0xf8d</load_address>
         <run_address>0xf8d</run_address>
         <size>0x41</size>
         <input_file_ref idref="fl-6"/>
      </object_component>
      <object_component id="oc-34">
         <name>.debug_line</name>
         <load_address>0xfce</load_address>
         <run_address>0xfce</run_address>
         <size>0x41</size>
         <input_file_ref idref="fl-6"/>
      </object_component>
      <object_component id="oc-2b">
         <name>.debug_line</name>
         <load_address>0x100f</load_address>
         <run_address>0x100f</run_address>
         <size>0xa1</size>
         <input_file_ref idref="fl-6"/>
      </object_component>
      <object_component id="oc-25e">
         <name>.debug_line</name>
         <load_address>0x10b0</load_address>
         <run_address>0x10b0</run_address>
         <size>0xa0</size>
         <input_file_ref idref="fl-7"/>
      </object_component>
      <object_component id="oc-251">
         <name>.debug_line</name>
         <load_address>0x1150</load_address>
         <run_address>0x1150</run_address>
         <size>0x32</size>
         <input_file_ref idref="fl-7"/>
      </object_component>
      <object_component id="oc-25c">
         <name>.debug_line</name>
         <load_address>0x1182</load_address>
         <run_address>0x1182</run_address>
         <size>0x32</size>
         <input_file_ref idref="fl-7"/>
      </object_component>
      <object_component id="oc-253">
         <name>.debug_line</name>
         <load_address>0x11b4</load_address>
         <run_address>0x11b4</run_address>
         <size>0x32</size>
         <input_file_ref idref="fl-7"/>
      </object_component>
      <object_component id="oc-24f">
         <name>.debug_line</name>
         <load_address>0x11e6</load_address>
         <run_address>0x11e6</run_address>
         <size>0x32</size>
         <input_file_ref idref="fl-7"/>
      </object_component>
      <object_component id="oc-96">
         <name>.debug_line</name>
         <load_address>0x1218</load_address>
         <run_address>0x1218</run_address>
         <size>0x277</size>
         <input_file_ref idref="fl-7"/>
      </object_component>
      <object_component id="oc-262">
         <name>.debug_line</name>
         <load_address>0x148f</load_address>
         <run_address>0x148f</run_address>
         <size>0xa4</size>
         <input_file_ref idref="fl-8"/>
      </object_component>
      <object_component id="oc-a3">
         <name>.debug_line</name>
         <load_address>0x1533</load_address>
         <run_address>0x1533</run_address>
         <size>0xa2</size>
         <input_file_ref idref="fl-8"/>
      </object_component>
      <object_component id="oc-260">
         <name>.debug_line</name>
         <load_address>0x15d5</load_address>
         <run_address>0x15d5</run_address>
         <size>0x71</size>
         <input_file_ref idref="fl-9"/>
      </object_component>
      <object_component id="oc-9c">
         <name>.debug_line</name>
         <load_address>0x1646</load_address>
         <run_address>0x1646</run_address>
         <size>0xf6</size>
         <input_file_ref idref="fl-9"/>
      </object_component>
      <object_component id="oc-27d">
         <name>.debug_line</name>
         <load_address>0x173c</load_address>
         <run_address>0x173c</run_address>
         <size>0x124</size>
         <input_file_ref idref="fl-a"/>
      </object_component>
      <object_component id="oc-a8">
         <name>.debug_line</name>
         <load_address>0x1860</load_address>
         <run_address>0x1860</run_address>
         <size>0x1a8</size>
         <input_file_ref idref="fl-a"/>
      </object_component>
      <object_component id="oc-42">
         <name>.debug_line</name>
         <load_address>0x1a08</load_address>
         <run_address>0x1a08</run_address>
         <size>0x88</size>
         <input_file_ref idref="fl-c5"/>
      </object_component>
      <object_component id="oc-e1">
         <name>.debug_line</name>
         <load_address>0x1a90</load_address>
         <run_address>0x1a90</run_address>
         <size>0x79</size>
         <input_file_ref idref="fl-c6"/>
      </object_component>
      <object_component id="oc-144">
         <name>.debug_line</name>
         <load_address>0x1b09</load_address>
         <run_address>0x1b09</run_address>
         <size>0x5b</size>
         <input_file_ref idref="fl-c7"/>
      </object_component>
      <object_component id="oc-1e0">
         <name>.debug_line</name>
         <load_address>0x1b64</load_address>
         <run_address>0x1b64</run_address>
         <size>0x92</size>
         <input_file_ref idref="fl-c8"/>
      </object_component>
      <object_component id="oc-52">
         <name>.debug_line</name>
         <load_address>0x1bf6</load_address>
         <run_address>0x1bf6</run_address>
         <size>0x4c</size>
         <input_file_ref idref="fl-c8"/>
      </object_component>
      <object_component id="oc-dc">
         <name>.debug_line</name>
         <load_address>0x1c42</load_address>
         <run_address>0x1c42</run_address>
         <size>0x34</size>
         <input_file_ref idref="fl-c8"/>
      </object_component>
      <object_component id="oc-1dd">
         <name>.debug_line</name>
         <load_address>0x1c76</load_address>
         <run_address>0x1c76</run_address>
         <size>0x92</size>
         <input_file_ref idref="fl-c8"/>
      </object_component>
      <object_component id="oc-d7">
         <name>.debug_line</name>
         <load_address>0x1d08</load_address>
         <run_address>0x1d08</run_address>
         <size>0x20</size>
         <input_file_ref idref="fl-c9"/>
      </object_component>
      <object_component id="oc-1f">
         <name>.debug_line</name>
         <load_address>0x1d28</load_address>
         <run_address>0x1d28</run_address>
         <size>0x55</size>
         <input_file_ref idref="fl-c9"/>
      </object_component>
      <object_component id="oc-4a">
         <name>.debug_line</name>
         <load_address>0x1d7d</load_address>
         <run_address>0x1d7d</run_address>
         <size>0x3a</size>
         <input_file_ref idref="fl-c9"/>
      </object_component>
      <object_component id="oc-d4">
         <name>.debug_line</name>
         <load_address>0x1db7</load_address>
         <run_address>0x1db7</run_address>
         <size>0x92</size>
         <input_file_ref idref="fl-c9"/>
      </object_component>
      <object_component id="oc-1d9">
         <name>.debug_line</name>
         <load_address>0x1e49</load_address>
         <run_address>0x1e49</run_address>
         <size>0x20</size>
         <input_file_ref idref="fl-ca"/>
      </object_component>
      <object_component id="oc-17">
         <name>.debug_line</name>
         <load_address>0x1e69</load_address>
         <run_address>0x1e69</run_address>
         <size>0xa9</size>
         <input_file_ref idref="fl-ca"/>
      </object_component>
      <object_component id="oc-3a">
         <name>.debug_line</name>
         <load_address>0x1f12</load_address>
         <run_address>0x1f12</run_address>
         <size>0x3a</size>
         <input_file_ref idref="fl-ca"/>
      </object_component>
      <object_component id="oc-1d6">
         <name>.debug_line</name>
         <load_address>0x1f4c</load_address>
         <run_address>0x1f4c</run_address>
         <size>0x9a</size>
         <input_file_ref idref="fl-ca"/>
      </object_component>
      <object_component id="oc-cd">
         <name>.debug_line</name>
         <load_address>0x1fe6</load_address>
         <run_address>0x1fe6</run_address>
         <size>0x96</size>
         <input_file_ref idref="fl-ca"/>
      </object_component>
      <object_component id="oc-72">
         <name>.debug_line</name>
         <load_address>0x207c</load_address>
         <run_address>0x207c</run_address>
         <size>0x33</size>
         <input_file_ref idref="fl-cb"/>
      </object_component>
      <object_component id="oc-61">
         <name>.debug_line</name>
         <load_address>0x20af</load_address>
         <run_address>0x20af</run_address>
         <size>0x45</size>
         <input_file_ref idref="fl-cb"/>
      </object_component>
      <object_component id="oc-255">
         <name>.debug_line</name>
         <load_address>0x20f4</load_address>
         <run_address>0x20f4</run_address>
         <size>0x37</size>
         <input_file_ref idref="fl-cc"/>
      </object_component>
      <object_component id="oc-2c4">
         <name>.debug_line</name>
         <load_address>0x212b</load_address>
         <run_address>0x212b</run_address>
         <size>0xbf</size>
         <input_file_ref idref="fl-cd"/>
      </object_component>
      <object_component id="oc-1f4">
         <name>.debug_line</name>
         <load_address>0x21ea</load_address>
         <run_address>0x21ea</run_address>
         <size>0x6f</size>
         <input_file_ref idref="fl-cd"/>
      </object_component>
      <object_component id="oc-2c8">
         <name>.debug_line</name>
         <load_address>0x2259</load_address>
         <run_address>0x2259</run_address>
         <size>0x2e</size>
         <input_file_ref idref="fl-cd"/>
      </object_component>
      <object_component id="oc-2de">
         <name>.debug_line</name>
         <load_address>0x2287</load_address>
         <run_address>0x2287</run_address>
         <size>0x9a</size>
         <input_file_ref idref="fl-cd"/>
      </object_component>
      <object_component id="oc-2cd">
         <name>.debug_line</name>
         <load_address>0x2321</load_address>
         <run_address>0x2321</run_address>
         <size>0x97</size>
         <input_file_ref idref="fl-cd"/>
      </object_component>
      <object_component id="oc-2d2">
         <name>.debug_line</name>
         <load_address>0x23b8</load_address>
         <run_address>0x23b8</run_address>
         <size>0x93</size>
         <input_file_ref idref="fl-cd"/>
      </object_component>
      <object_component id="oc-e9">
         <name>.debug_line</name>
         <load_address>0x244b</load_address>
         <run_address>0x244b</run_address>
         <size>0x40</size>
         <input_file_ref idref="fl-ce"/>
      </object_component>
      <object_component id="oc-1e7">
         <name>.debug_line</name>
         <load_address>0x248b</load_address>
         <run_address>0x248b</run_address>
         <size>0x3c</size>
         <input_file_ref idref="fl-d0"/>
      </object_component>
      <object_component id="oc-23e">
         <name>.debug_line</name>
         <load_address>0x24c7</load_address>
         <run_address>0x24c7</run_address>
         <size>0x82</size>
         <input_file_ref idref="fl-d3"/>
      </object_component>
      <object_component id="oc-23c">
         <name>.debug_line</name>
         <load_address>0x2549</load_address>
         <run_address>0x2549</run_address>
         <size>0x7d</size>
         <input_file_ref idref="fl-d3"/>
      </object_component>
      <object_component id="oc-111">
         <name>.debug_line</name>
         <load_address>0x25c6</load_address>
         <run_address>0x25c6</run_address>
         <size>0x95</size>
         <input_file_ref idref="fl-d3"/>
      </object_component>
      <object_component id="oc-117">
         <name>.debug_line</name>
         <load_address>0x265b</load_address>
         <run_address>0x265b</run_address>
         <size>0xc4</size>
         <input_file_ref idref="fl-d3"/>
      </object_component>
      <object_component id="oc-8a">
         <name>.debug_line</name>
         <load_address>0x271f</load_address>
         <run_address>0x271f</run_address>
         <size>0x99</size>
         <input_file_ref idref="fl-d3"/>
      </object_component>
      <object_component id="oc-170">
         <name>.debug_line</name>
         <load_address>0x27b8</load_address>
         <run_address>0x27b8</run_address>
         <size>0x99</size>
         <input_file_ref idref="fl-d3"/>
      </object_component>
      <object_component id="oc-16b">
         <name>.debug_line</name>
         <load_address>0x2851</load_address>
         <run_address>0x2851</run_address>
         <size>0x99</size>
         <input_file_ref idref="fl-d3"/>
      </object_component>
      <object_component id="oc-85">
         <name>.debug_line</name>
         <load_address>0x28ea</load_address>
         <run_address>0x28ea</run_address>
         <size>0xa7</size>
         <input_file_ref idref="fl-d3"/>
      </object_component>
      <object_component id="oc-239">
         <name>.debug_line</name>
         <load_address>0x2991</load_address>
         <run_address>0x2991</run_address>
         <size>0x71</size>
         <input_file_ref idref="fl-d3"/>
      </object_component>
      <object_component id="oc-229">
         <name>.debug_line</name>
         <load_address>0x2a02</load_address>
         <run_address>0x2a02</run_address>
         <size>0x75</size>
         <input_file_ref idref="fl-d3"/>
      </object_component>
      <object_component id="oc-234">
         <name>.debug_line</name>
         <load_address>0x2a77</load_address>
         <run_address>0x2a77</run_address>
         <size>0x71</size>
         <input_file_ref idref="fl-d3"/>
      </object_component>
      <object_component id="oc-105">
         <name>.debug_line</name>
         <load_address>0x2ae8</load_address>
         <run_address>0x2ae8</run_address>
         <size>0x72</size>
         <input_file_ref idref="fl-d3"/>
      </object_component>
      <object_component id="oc-2ad">
         <name>.debug_line</name>
         <load_address>0x2b5a</load_address>
         <run_address>0x2b5a</run_address>
         <size>0x82</size>
         <input_file_ref idref="fl-d4"/>
      </object_component>
      <object_component id="oc-183">
         <name>.debug_line</name>
         <load_address>0x2bdc</load_address>
         <run_address>0x2bdc</run_address>
         <size>0x91</size>
         <input_file_ref idref="fl-d4"/>
      </object_component>
      <object_component id="oc-26c">
         <name>.debug_line</name>
         <load_address>0x2c6d</load_address>
         <run_address>0x2c6d</run_address>
         <size>0x91</size>
         <input_file_ref idref="fl-d4"/>
      </object_component>
      <object_component id="oc-17d">
         <name>.debug_line</name>
         <load_address>0x2cfe</load_address>
         <run_address>0x2cfe</run_address>
         <size>0x9b</size>
         <input_file_ref idref="fl-d4"/>
      </object_component>
      <object_component id="oc-19b">
         <name>.debug_line</name>
         <load_address>0x2d99</load_address>
         <run_address>0x2d99</run_address>
         <size>0x94</size>
         <input_file_ref idref="fl-d4"/>
      </object_component>
      <object_component id="oc-189">
         <name>.debug_line</name>
         <load_address>0x2e2d</load_address>
         <run_address>0x2e2d</run_address>
         <size>0x91</size>
         <input_file_ref idref="fl-d4"/>
      </object_component>
      <object_component id="oc-1a1">
         <name>.debug_line</name>
         <load_address>0x2ebe</load_address>
         <run_address>0x2ebe</run_address>
         <size>0x91</size>
         <input_file_ref idref="fl-d4"/>
      </object_component>
      <object_component id="oc-18f">
         <name>.debug_line</name>
         <load_address>0x2f4f</load_address>
         <run_address>0x2f4f</run_address>
         <size>0x91</size>
         <input_file_ref idref="fl-d4"/>
      </object_component>
      <object_component id="oc-195">
         <name>.debug_line</name>
         <load_address>0x2fe0</load_address>
         <run_address>0x2fe0</run_address>
         <size>0x91</size>
         <input_file_ref idref="fl-d4"/>
      </object_component>
      <object_component id="oc-22c">
         <name>.debug_line</name>
         <load_address>0x3071</load_address>
         <run_address>0x3071</run_address>
         <size>0x13d</size>
         <input_file_ref idref="fl-d6"/>
      </object_component>
      <object_component id="oc-284">
         <name>.debug_line</name>
         <load_address>0x31ae</load_address>
         <run_address>0x31ae</run_address>
         <size>0x7f</size>
         <input_file_ref idref="fl-d6"/>
      </object_component>
      <object_component id="oc-286">
         <name>.debug_line</name>
         <load_address>0x322d</load_address>
         <run_address>0x322d</run_address>
         <size>0x7f</size>
         <input_file_ref idref="fl-d6"/>
      </object_component>
      <object_component id="oc-2b4">
         <name>.debug_line</name>
         <load_address>0x32ac</load_address>
         <run_address>0x32ac</run_address>
         <size>0x7f</size>
         <input_file_ref idref="fl-d6"/>
      </object_component>
      <object_component id="oc-288">
         <name>.debug_line</name>
         <load_address>0x332b</load_address>
         <run_address>0x332b</run_address>
         <size>0x7f</size>
         <input_file_ref idref="fl-d6"/>
      </object_component>
      <object_component id="oc-162">
         <name>.debug_line</name>
         <load_address>0x33aa</load_address>
         <run_address>0x33aa</run_address>
         <size>0x94</size>
         <input_file_ref idref="fl-d6"/>
      </object_component>
      <object_component id="oc-11e">
         <name>.debug_line</name>
         <load_address>0x343e</load_address>
         <run_address>0x343e</run_address>
         <size>0x94</size>
         <input_file_ref idref="fl-d6"/>
      </object_component>
      <object_component id="oc-7c">
         <name>.debug_line</name>
         <load_address>0x34d2</load_address>
         <run_address>0x34d2</run_address>
         <size>0x94</size>
         <input_file_ref idref="fl-d6"/>
      </object_component>
      <object_component id="oc-174">
         <name>.debug_line</name>
         <load_address>0x3566</load_address>
         <run_address>0x3566</run_address>
         <size>0x118</size>
         <input_file_ref idref="fl-d6"/>
      </object_component>
      <object_component id="oc-1b1">
         <name>.debug_line</name>
         <load_address>0x367e</load_address>
         <run_address>0x367e</run_address>
         <size>0x9e</size>
         <input_file_ref idref="fl-d6"/>
      </object_component>
      <object_component id="oc-1b7">
         <name>.debug_line</name>
         <load_address>0x371c</load_address>
         <run_address>0x371c</run_address>
         <size>0xae</size>
         <input_file_ref idref="fl-d6"/>
      </object_component>
      <object_component id="oc-ac">
         <name>.debug_line</name>
         <load_address>0x37ca</load_address>
         <run_address>0x37ca</run_address>
         <size>0x192</size>
         <input_file_ref idref="fl-d6"/>
      </object_component>
      <object_component id="oc-22f">
         <name>.debug_line</name>
         <load_address>0x395c</load_address>
         <run_address>0x395c</run_address>
         <size>0x7f</size>
         <input_file_ref idref="fl-d6"/>
      </object_component>
      <object_component id="oc-242">
         <name>.debug_line</name>
         <load_address>0x39db</load_address>
         <run_address>0x39db</run_address>
         <size>0x82</size>
         <input_file_ref idref="fl-d7"/>
      </object_component>
      <object_component id="oc-12b">
         <name>.debug_line</name>
         <load_address>0x3a5d</load_address>
         <run_address>0x3a5d</run_address>
         <size>0x93</size>
         <input_file_ref idref="fl-d7"/>
      </object_component>
      <object_component id="oc-247">
         <name>.debug_line</name>
         <load_address>0x3af0</load_address>
         <run_address>0x3af0</run_address>
         <size>0x96</size>
         <input_file_ref idref="fl-d7"/>
      </object_component>
      <object_component id="oc-125">
         <name>.debug_line</name>
         <load_address>0x3b86</load_address>
         <run_address>0x3b86</run_address>
         <size>0xb3</size>
         <input_file_ref idref="fl-d7"/>
      </object_component>
      <object_component id="oc-8f">
         <name>.debug_line</name>
         <load_address>0x3c39</load_address>
         <run_address>0x3c39</run_address>
         <size>0x92</size>
         <input_file_ref idref="fl-d7"/>
      </object_component>
      <object_component id="oc-133">
         <name>.debug_line</name>
         <load_address>0x3ccb</load_address>
         <run_address>0x3ccb</run_address>
         <size>0x93</size>
         <input_file_ref idref="fl-d7"/>
      </object_component>
      <object_component id="oc-139">
         <name>.debug_line</name>
         <load_address>0x3d5e</load_address>
         <run_address>0x3d5e</run_address>
         <size>0x93</size>
         <input_file_ref idref="fl-d7"/>
      </object_component>
      <object_component id="oc-1a7">
         <name>.debug_frame</name>
         <load_address>0x0</load_address>
         <run_address>0x0</run_address>
         <size>0xa4</size>
         <input_file_ref idref="fl-2"/>
      </object_component>
      <object_component id="oc-32">
         <name>.debug_frame</name>
         <load_address>0xa4</load_address>
         <run_address>0xa4</run_address>
         <size>0x17c</size>
         <input_file_ref idref="fl-3"/>
      </object_component>
      <object_component id="oc-79">
         <name>.debug_frame</name>
         <load_address>0x220</load_address>
         <run_address>0x220</run_address>
         <size>0x4e0</size>
         <input_file_ref idref="fl-5"/>
      </object_component>
      <object_component id="oc-2c">
         <name>.debug_frame</name>
         <load_address>0x700</load_address>
         <run_address>0x700</run_address>
         <size>0x90</size>
         <input_file_ref idref="fl-6"/>
      </object_component>
      <object_component id="oc-97">
         <name>.debug_frame</name>
         <load_address>0x790</load_address>
         <run_address>0x790</run_address>
         <size>0x100</size>
         <input_file_ref idref="fl-7"/>
      </object_component>
      <object_component id="oc-9f">
         <name>.debug_frame</name>
         <load_address>0x890</load_address>
         <run_address>0x890</run_address>
         <size>0x80</size>
[...]
      </symbol>
      <symbol id="sm-58">
         <name>i_cos</name>
         <value>0x2591</value>
         <object_component_ref idref="oc-1a2"/>
      </symbol>
      <symbol id="sm-59">
         <name>i_atan2</name>
         <value>0x24d3</value>
         <object_component_ref idref="oc-1a2"/>
      </symbol>
      <symbol id="sm-5a">
         <name>i_sin</name>
         <value>0x252f</value>
         <object_component_ref idref="oc-1a2"/>
      </symbol>
      <symbol id="sm-5b">
         <name>s_lut</name>
         <value>0x3080</value>
         <object_component_ref idref="oc-278"/>
      </symbol>
      <symbol id="sm-112">
         <name>robot_car</name>
         <value>0x20000200</value>
      </symbol>
      <symbol id="sm-113">
         <name>current_state</name>
         <value>0x20000298</value>
      </symbol>
      <symbol id="sm-114">
         <name>SysTickIntHandler</name>
         <value>0xe41</value>
         <object_component_ref idref="oc-2d"/>
      </symbol>
      <symbol id="sm-115">
         <name>SonarInit</name>
         <value>0xf3f</value>
         <object_component_ref idref="oc-2d"/>
      </symbol>
      <symbol id="sm-116">
         <name>MotorInit</name>
         <value>0xee7</value>
         <object_component_ref idref="oc-2d"/>
      </symbol>
      <symbol id="sm-117">
         <name>SystemInit</name>
         <value>0xf61</value>
         <object_component_ref idref="oc-2d"/>
      </symbol>
      <symbol id="sm-118">
         <name>SystemRunning</name>
         <value>0x1165</value>
         <object_component_ref idref="oc-2d"/>
      </symbol>
      <symbol id="sm-119">
         <name>CompassInit</name>
         <value>0xf57</value>
         <object_component_ref idref="oc-2d"/>
      </symbol>
      <symbol id="sm-11a">
         <name>main</name>
         <value>0x1401</value>
         <object_component_ref idref="oc-2d"/>
      </symbol>
      <symbol id="sm-11b">
         <name>pass</name>
         <value>0x200002dc</value>
         <object_component_ref idref="oc-b3"/>
      </symbol>
      <symbol id="sm-11c">
         <name>UpdateWheelCount</name>
         <value>0x100b</value>
         <object_component_ref idref="oc-2d"/>
      </symbol>
      <symbol id="sm-11d">
         <name>SystemStart</name>
         <value>0xff5</value>
         <object_component_ref idref="oc-2d"/>
      </symbol>
      <symbol id="sm-11e">
         <name>WheelCounterInit</name>
         <value>0xebf</value>
         <object_component_ref idref="oc-2d"/>
      </symbol>
      <symbol id="sm-11f">
         <name>ButtonInit</name>
         <value>0xf1b</value>
         <object_component_ref idref="oc-2d"/>
      </symbol>
      <symbol id="sm-1d9">
         <name>GetPortInfo</name>
         <value>0x275</value>
         <object_component_ref idref="oc-74"/>
      </symbol>
      <symbol id="sm-1da">
         <name>GetUARTInfo</name>
         <value>0x33f</value>
         <object_component_ref idref="oc-74"/>
      </symbol>
      <symbol id="sm-1db">
         <name>TimerInit</name>
         <value>0xcf5</value>
         <object_component_ref idref="oc-74"/>
      </symbol>
      <symbol id="sm-1dc">
         <name>GetPWMInfo</name>
         <value>0x4f1</value>
         <object_component_ref idref="oc-74"/>
      </symbol>
      <symbol id="sm-1dd">
         <name>ReadTimerA</name>
         <value>0xdb3</value>
         <object_component_ref idref="oc-74"/>
      </symbol>
      <symbol id="sm-1de">
         <name>ReadTimerB</name>
         <value>0xdbf</value>
         <object_component_ref idref="oc-74"/>
      </symbol>
      <symbol id="sm-1df">
         <name>GetTimerInfo</name>
         <value>0x66d</value>
         <object_component_ref idref="oc-74"/>
      </symbol>
      <symbol id="sm-1e0">
         <name>SetPWMBDutyCycle</name>
         <value>0xca9</value>
         <object_component_ref idref="oc-74"/>
      </symbol>
      <symbol id="sm-1e1">
         <name>GPIODigitalEnable</name>
         <value>0x7c5</value>
         <object_component_ref idref="oc-74"/>
      </symbol>
      <symbol id="sm-1e2">
         <name>GPIOEnableClock</name>
         <value>0x707</value>
         <object_component_ref idref="oc-74"/>
      </symbol>
      <symbol id="sm-1e3">
         <name>GPIODigitalRead</name>
         <value>0x965</value>
         <object_component_ref idref="oc-74"/>
      </symbol>
      <symbol id="sm-1e4">
         <name>ReadPWMADutyCycle</name>
         <value>0xc2b</value>
         <object_component_ref idref="oc-74"/>
      </symbol>
      <symbol id="sm-1e5">
         <name>ParseGPIOString</name>
         <value>0x609</value>
         <object_component_ref idref="oc-74"/>
      </symbol>
      <symbol id="sm-1e6">
         <name>SysTickReload</name>
         <value>0xe15</value>
         <object_component_ref idref="oc-74"/>
      </symbol>
      <symbol id="sm-1e7">
         <name>GetADCInfo</name>
         <value>0x3e7</value>
         <object_component_ref idref="oc-74"/>
      </symbol>
      <symbol id="sm-1e8">
         <name>UARTInit</name>
         <value>0x98d</value>
         <object_component_ref idref="oc-74"/>
      </symbol>
      <symbol id="sm-1e9">
         <name>GetPWMGENInfo</name>
         <value>0x585</value>
         <object_component_ref idref="oc-74"/>
      </symbol>
      <symbol id="sm-1ea">
         <name>SetPWMADutyCycle</name>
         <value>0xbdd</value>
         <object_component_ref idref="oc-74"/>
      </symbol>
      <symbol id="sm-1eb">
         <name>SysTickRestart</name>
         <value>0xe25</value>
         <object_component_ref idref="oc-74"/>
      </symbol>
      <symbol id="sm-1ec">
         <name>GPIOAnalogEnable</name>
         <value>0x8cd</value>
         <object_component_ref idref="oc-74"/>
      </symbol>
      <symbol id="sm-1ed">
         <name>ReadPWMBDutyCycle</name>
         <value>0xc55</value>
         <object_component_ref idref="oc-74"/>
      </symbol>
      <symbol id="sm-1ee">
         <name>GPIOPullupEnable</name>
         <value>0x8ff</value>
         <object_component_ref idref="oc-74"/>
      </symbol>
      <symbol id="sm-1ef">
         <name>GPIOPinMode</name>
         <value>0x795</value>
         <object_component_ref idref="oc-74"/>
      </symbol>
      <symbol id="sm-1f0">
         <name>SysTickInit</name>
         <value>0xdcb</value>
         <object_component_ref idref="oc-74"/>
      </symbol>
      <symbol id="sm-1f1">
         <name>GPIODigitalWrite</name>
         <value>0x935</value>
         <object_component_ref idref="oc-74"/>
      </symbol>
      <symbol id="sm-1f2">
         <name>GPIOAfselEnable</name>
         <value>0x837</value>
         <object_component_ref idref="oc-74"/>
      </symbol>
      <symbol id="sm-1f3">
         <name>GPIOUnlock</name>
         <value>0x75d</value>
         <object_component_ref idref="oc-74"/>
      </symbol>
      <symbol id="sm-1f4">
         <name>ReadPWMGENA</name>
         <value>0xc1f</value>
         <object_component_ref idref="oc-74"/>
      </symbol>
      <symbol id="sm-1f5">
         <name>ReadPWMGENB</name>
         <value>0xc49</value>
         <object_component_ref idref="oc-74"/>
      </symbol>
      <symbol id="sm-1f6">
         <name>SetPWMGENB</name>
         <value>0xc7d</value>
         <object_component_ref idref="oc-74"/>
      </symbol>
      <symbol id="sm-1f7">
         <name>SetPWMGENA</name>
         <value>0xbb1</value>
         <object_component_ref idref="oc-74"/>
      </symbol>
      <symbol id="sm-1f8">
         <name>UARTPutChar</name>
         <value>0xa7d</value>
         <object_component_ref idref="oc-74"/>
      </symbol>
      <symbol id="sm-1f9">
         <name>PWMGENInit</name>
         <value>0xb11</value>
         <object_component_ref idref="oc-74"/>
      </symbol>
      <symbol id="sm-1fa">
         <name>ADCInit</name>
         <value>0xa9b</value>
         <object_component_ref idref="oc-74"/>
      </symbol>
      <symbol id="sm-1fb">
         <name>UARTReadChar</name>
         <value>0xa65</value>
         <object_component_ref idref="oc-74"/>
      </symbol>
      <symbol id="sm-217">
         <name>ResetISR</name>
         <value>0x2ce3</value>
         <object_component_ref idref="oc-27"/>
      </symbol>
      <symbol id="sm-218">
         <name>g_pfnVectors</name>
         <value>0x0</value>
         <object_component_ref idref="oc-12"/>
      </symbol>
      <symbol id="sm-288">
         <name>UARTgetc</name>
         <value>0x1c2d</value>
         <object_component_ref idref="oc-92"/>
      </symbol>
      <symbol id="sm-289">
         <name>UARTgets</name>
         <value>0x1b73</value>
         <object_component_ref idref="oc-92"/>
      </symbol>
      <symbol id="sm-28a">
         <name>UARTStdioConfig</name>
         <value>0x1add</value>
         <object_component_ref idref="oc-92"/>
      </symbol>
      <symbol id="sm-28b">
         <name>UARTwrite</name>
         <value>0x1b23</value>
         <object_component_ref idref="oc-92"/>
      </symbol>
      <symbol id="sm-28c">
         <name>UARTprintf</name>
         <value>0x1f4f</value>
         <object_component_ref idref="oc-92"/>
      </symbol>
      <symbol id="sm-28d">
         <name>UARTvprintf</name>
         <value>0x1c55</value>
         <object_component_ref idref="oc-92"/>
      </symbol>
      <symbol id="sm-2a5">
         <name>HCSR04ReadDistance</name>
         <value>0x261b</value>
         <object_component_ref idref="oc-9e"/>
      </symbol>
      <symbol id="sm-2a6">
         <name>HCSR04Init</name>
         <value>0x25a9</value>
         <object_component_ref idref="oc-9e"/>
      </symbol>
      <symbol id="sm-2c1">
         <name>stepPWM</name>
         <value>0x21c5</value>
         <object_component_ref idref="oc-98"/>
      </symbol>
      <symbol id="sm-2c2">
         <name>setPWM</name>
         <value>0x2185</value>
         <object_component_ref idref="oc-98"/>
      </symbol>
      <symbol id="sm-2c3">
         <name>L298NSetPWM</name>
         <value>0x2259</value>
         <object_component_ref idref="oc-98"/>
      </symbol>
      <symbol id="sm-2c4">
         <name>L298NInit</name>
         <value>0x2225</value>
         <object_component_ref idref="oc-98"/>
      </symbol>
      <symbol id="sm-2c5">
         <name>L298NUpdatePWM</name>
         <value>0x2281</value>
         <object_component_ref idref="oc-98"/>
      </symbol>
      <symbol id="sm-30e">
         <name>InitializeI2C</name>
         <value>0x156d</value>
         <object_component_ref idref="oc-a4"/>
      </symbol>
      <symbol id="sm-30f">
         <name>LSM303CalculateHeading</name>
         <value>0x1aab</value>
         <object_component_ref idref="oc-a4"/>
      </symbol>
      <symbol id="sm-310">
         <name>ConfigureCompass</name>
         <value>0x15cf</value>
         <object_component_ref idref="oc-a4"/>
      </symbol>
      <symbol id="sm-311">
         <name>LSM303Init</name>
         <value>0x17d7</value>
         <object_component_ref idref="oc-a4"/>
      </symbol>
      <symbol id="sm-312">
         <name>LSM303ReadAccelerometer</name>
         <value>0x19bb</value>
         <object_component_ref idref="oc-a4"/>
      </symbol>
      <symbol id="sm-313">
         <name>ConfigureAccelerometer</name>
         <value>0x1685</value>
         <object_component_ref idref="oc-a4"/>
      </symbol>
      <symbol id="sm-314">
         <name>LSM303ReadCompass</name>
         <value>0x189d</value>
         <object_component_ref idref="oc-a4"/>
      </symbol>
      <symbol id="sm-32f">
         <name>memcpy</name>
         <value>0x27dd</value>
         <object_component_ref idref="oc-41"/>
      </symbol>
      <symbol id="sm-330">
         <name>__aeabi_memcpy</name>
         <value>0x27dd</value>
         <object_component_ref idref="oc-41"/>
      </symbol>
      <symbol id="sm-331">
         <name>__aeabi_memcpy8</name>
         <value>0x27dd</value>
         <object_component_ref idref="oc-41"/>
      </symbol>
      <symbol id="sm-332">
         <name>__aeabi_memcpy4</name>
         <value>0x27dd</value>
         <object_component_ref idref="oc-41"/>
      </symbol>
      <symbol id="sm-341">
         <name>__aeabi_memset</name>
         <value>0x287b</value>
         <object_component_ref idref="oc-df"/>
      </symbol>
      <symbol id="sm-342">
         <name>memset</name>
         <value>0x2881</value>
         <object_component_ref idref="oc-df"/>
      </symbol>
      <symbol id="sm-343">
         <name>__aeabi_memset8</name>
         <value>0x287b</value>
         <object_component_ref idref="oc-df"/>
      </symbol>
      <symbol id="sm-344">
         <name>__aeabi_memset4</name>
         <value>0x287b</value>
         <object_component_ref idref="oc-df"/>
      </symbol>
      <symbol id="sm-345">
         <name>__aeabi_memclr8</name>
         <value>0x2879</value>
         <object_component_ref idref="oc-df"/>
      </symbol>
      <symbol id="sm-346">
         <name>__aeabi_memclr4</name>
         <value>0x2879</value>
         <object_component_ref idref="oc-df"/>
      </symbol>
      <symbol id="sm-347">
         <name>__aeabi_memclr</name>
         <value>0x2879</value>
         <object_component_ref idref="oc-df"/>
      </symbol>
      <symbol id="sm-356">
         <name>__aeabi_uidivmod</name>
         <value>0x2ac9</value>
         <object_component_ref idref="oc-143"/>
      </symbol>
      <symbol id="sm-357">
         <name>__aeabi_uidiv</name>
         <value>0x2ac9</value>
         <object_component_ref idref="oc-143"/>
      </symbol>
      <symbol id="sm-370">
         <name>__TI_zero_init_nomemset</name>
         <value>0x2c4d</value>
         <object_component_ref idref="oc-4d"/>
      </symbol>
      <symbol id="sm-387">
         <name>__TI_decompress_none</name>
         <value>0x2cd5</value>
         <object_component_ref idref="oc-1b"/>
      </symbol>
      <symbol id="sm-3aa">
         <name>__TI_decompress_lzss</name>
         <value>0x28f3</value>
         <object_component_ref idref="oc-15"/>
      </symbol>
      <symbol id="sm-3bd">
         <name>__stack</name>
         <value>0x20000000</value>
         <object_component_ref idref="oc-24"/>
      </symbol>
      <symbol id="sm-3be">
         <name>_c_int00_noargs</name>
         <value>0x2bad</value>
         <object_component_ref idref="oc-5f"/>
      </symbol>
      <symbol id="sm-3c8">
         <name>__aeabi_idiv0</name>
         <value>0x295b</value>
         <object_component_ref idref="oc-254"/>
      </symbol>
      <symbol id="sm-3c9">
         <name>__aeabi_ldiv0</name>
         <value>0x295b</value>
         <object_component_ref idref="oc-254"/>
      </symbol>
      <symbol id="sm-3f1">
         <name>__TI_auto_init_nobinit_nopinit</name>
         <value>0x2a85</value>
         <object_component_ref idref="oc-1ef"/>
      </symbol>
      <symbol id="sm-3fb">
         <name>_system_pre_init</name>
         <value>0x2d35</value>
         <object_component_ref idref="oc-e5"/>
      </symbol>
      <symbol id="sm-407">
         <name>C$$EXIT</name>
         <value>0x2d39</value>
         <object_component_ref idref="oc-1e3"/>
      </symbol>
      <symbol id="sm-408">
         <name>abort</name>
         <value>0x2d39</value>
         <object_component_ref idref="oc-1e3"/>
      </symbol>
      <symbol id="sm-468">
         <name>GPIOPinConfigure</name>
         <value>0x295d</value>
         <object_component_ref idref="oc-80"/>
      </symbol>
      <symbol id="sm-469">
         <name>GPIOPinTypeI2CSCL</name>
         <value>0x2c7f</value>
         <object_component_ref idref="oc-16c"/>
      </symbol>
      <symbol id="sm-46a">
         <name>GPIOPinTypeI2C</name>
         <value>0x2c69</value>
         <object_component_ref idref="oc-166"/>
      </symbol>
      <symbol id="sm-46b">
         <name>GPIOPinTypeUART</name>
         <value>0x2c95</value>
         <object_component_ref idref="oc-86"/>
      </symbol>
      <symbol id="sm-46c">
         <name>GPIODirModeSet</name>
         <value>0x2be1</value>
         <object_component_ref idref="oc-10d"/>
      </symbol>
      <symbol id="sm-46d">
         <name>GPIOPadConfigSet</name>
         <value>0x2315</value>
         <object_component_ref idref="oc-113"/>
      </symbol>
      <symbol id="sm-4b9">
         <name>I2CMasterDataPut</name>
         <value>0x2d31</value>
         <object_component_ref idref="oc-184"/>
      </symbol>
      <symbol id="sm-4ba">
         <name>I2CMasterInitExpClk</name>
         <value>0x29a9</value>
         <object_component_ref idref="oc-178"/>
      </symbol>
      <symbol id="sm-4bb">
         <name>I2CMasterSlaveAddrSet</name>
         <value>0x2d15</value>
         <object_component_ref idref="oc-17e"/>
      </symbol>
      <symbol id="sm-4bc">
         <name>I2CMasterDataGet</name>
         <value>0x2d2d</value>
         <object_component_ref idref="oc-19c"/>
      </symbol>
      <symbol id="sm-4bd">
         <name>I2CMasterErr</name>
         <value>0x2cab</value>
         <object_component_ref idref="oc-196"/>
      </symbol>
      <symbol id="sm-4be">
         <name>I2CMasterControl</name>
         <value>0x2d29</value>
         <object_component_ref idref="oc-18a"/>
      </symbol>
      <symbol id="sm-4bf">
         <name>I2CMasterBusy</name>
         <value>0x2d0d</value>
         <object_component_ref idref="oc-190"/>
      </symbol>
      <symbol id="sm-4c0">
         <name>I2CMasterEnable</name>
         <value>0x2cef</value>
         <object_component_ref idref="oc-267"/>
      </symbol>
      <symbol id="sm-568">
         <name>SysCtlPeripheralPresent</name>
         <value>0x2b09</value>
         <object_component_ref idref="oc-11c"/>
      </symbol>
      <symbol id="sm-569">
         <name>SysCtlDelay</name>
         <value>0x2d1d</value>
         <object_component_ref idref="oc-b7"/>
      </symbol>
      <symbol id="sm-56a">
         <name>SysCtlPeripheralEnable</name>
         <value>0x2b79</value>
         <object_component_ref idref="oc-7a"/>
      </symbol>
      <symbol id="sm-56b">
         <name>SysCtlClockGet</name>
         <value>0x26c5</value>
         <object_component_ref idref="oc-172"/>
      </symbol>
      <symbol id="sm-56c">
         <name>SysCtlPeripheralReady</name>
         <value>0x2b41</value>
         <object_component_ref idref="oc-160"/>
      </symbol>
      <symbol id="sm-56d">
         <name>SysCtlClockFreqSet</name>
         <value>0x1f85</value>
         <object_component_ref idref="oc-aa"/>
      </symbol>
      <symbol id="sm-5a8">
         <name>UARTConfigSetExpClk</name>
         <value>0x2a3d</value>
         <object_component_ref idref="oc-122"/>
      </symbol>
      <symbol id="sm-5a9">
         <name>UARTDisable</name>
         <value>0x2c0d</value>
         <object_component_ref idref="oc-244"/>
      </symbol>
      <symbol id="sm-5aa">
         <name>UARTClockSourceSet</name>
         <value>0x2d23</value>
         <object_component_ref idref="oc-8c"/>
      </symbol>
      <symbol id="sm-5ab">
         <name>UARTCharPut</name>
         <value>0x2d03</value>
         <object_component_ref idref="oc-12e"/>
      </symbol>
      <symbol id="sm-5ac">
         <name>UARTEnable</name>
         <value>0x2cc1</value>
         <object_component_ref idref="oc-128"/>
      </symbol>
      <symbol id="sm-5ad">
         <name>UARTCharGet</name>
         <value>0x2cf9</value>
         <object_component_ref idref="oc-134"/>
      </symbol>
      <symbol id="sm-5af">
         <name>__TI_static_base__</name>
         <value>0x0</value>
      </symbol>
      <symbol id="sm-5b2">
         <name>__mpu_init</name>
         <value>0x0</value>
      </symbol>
      <symbol id="sm-5b3">
         <name>_system_post_cinit</name>
         <value>0x0</value>
      </symbol>
   </symbol_table>
   <title>Link successful</title>
</link_info>
