******************************************************************************
                  TI ARM Linker Unix v20.2.7                   
******************************************************************************
>> Linked Mon Nov  3 11:00:45 2025

OUTPUT FILE NAME:   <NH_COMP462_FINAL_PROJECT.out>
ENTRY POINT SYMBOL: "_c_int00_noargs"  address: 00001dfd


MEMORY CONFIGURATION

         name            origin    length      used     unused   attr    fill
----------------------  --------  ---------  --------  --------  ----  --------
  FLASH                 00000000   00040000  000022a0  0003dd60  R  X
  SRAM                  20000000   00008000  00000285  00007d7b  RW X


SEGMENT ALLOCATION MAP

run origin  load origin   length   init length attrs members
----------  ----------- ---------- ----------- ----- -------
00000000    00000000    000022a0   000022a0    r-x
  00000000    00000000    0000026c   0000026c    r-- .intvecs
  0000026c    0000026c    00001cb8   00001cb8    r-x .text
  00001f24    00001f24    00000334   00000334    r-- .const
  00002258    00002258    00000048   00000048    r-- .cinit
20000000    20000000    00000285   00000000    rw-
  20000000    20000000    00000200   00000000    rw- .stack
  20000200    20000200    00000048   00000000    rw- .bss
  20000248    20000248    0000003d   00000000    rw- .data


SECTION ALLOCATION MAP

 output                                  attributes/
section   page    origin      length       input sections
--------  ----  ----------  ----------   ----------------
.intvecs   0    00000000    0000026c     
                  00000000    0000026c     tm4c123gh6pm_startup_ccs.obj (.intvecs)

.text      0    0000026c    00001cb8     
                  0000026c    00000b1c     tiva_launchpad_lib.obj (.text)
                  00000d88    00000514     main.obj (.text)
                  0000129c    000004a8     uartstdio.obj (.text)
                  00001744    00000200     driverlib.lib : sysctl.obj (.text:SysCtlClockFreqSet)
                  00001944    0000016c                   : gpio.obj (.text:GPIOPadConfigSet)
                  00001ab0    0000009c     rtsv7M4_T_le_v4SPD16_eabi.lib : memcpy_t2.asm.obj (.text)
                  00001b4c    0000007a                                   : memset_t2.asm.obj (.text)
                  00001bc6    00000068                                   : copy_decompress_lzss.c.obj (.text:decompress:lzss:__TI_decompress_lzss)
                  00001c2e    00000002                                   : div0.asm.obj (.text)
                  00001c30    0000004c     driverlib.lib : gpio.obj (.text:GPIOPinConfigure)
                  00001c7c    00000048                   : sysctl.obj (.text:_SysCtlFrequencyGet)
                  00001cc4    00000046                   : uart.obj (.text:UARTConfigSetExpClk)
                  00001d0a    00000002     --HOLE-- [fill = 0]
                  00001d0c    00000044     rtsv7M4_T_le_v4SPD16_eabi.lib : autoinit.c.obj (.text:__TI_auto_init_nobinit_nopinit:__TI_auto_init_nobinit_nopinit)
                  00001d50    00000040                                   : u_divt2.asm.obj (.text)
                  00001d90    00000038     driverlib.lib : sysctl.obj (.text:SysCtlPeripheralPresent)
                  00001dc8    00000034                   : sysctl.obj (.text:SysCtlPeripheralEnable)
                  00001dfc    00000034     rtsv7M4_T_le_v4SPD16_eabi.lib : boot_cortex_m.c.obj (.text:_c_int00_noargs:_c_int00_noargs)
                  00001e30    0000002c     driverlib.lib : gpio.obj (.text:GPIODirModeSet)
                  00001e5c    00000020                   : uart.obj (.text:UARTDisable)
                  00001e7c    00000020                   : sysctl.obj (.text:_SysCtlMemTimingGet)
                  00001e9c    0000001c     rtsv7M4_T_le_v4SPD16_eabi.lib : copy_zero_init.c.obj (.text:decompress:ZI:__TI_zero_init_nomemset:__TI_zero_init_nomemset)
                  00001eb8    00000016     driverlib.lib : gpio.obj (.text:GPIOPinTypeUART)
                  00001ece    00000014                   : uart.obj (.text:UARTEnable)
                  00001ee2    0000000e     rtsv7M4_T_le_v4SPD16_eabi.lib : copy_decompress_none.c.obj (.text:decompress:none:__TI_decompress_none)
                  00001ef0    0000000c     tm4c123gh6pm_startup_ccs.obj (.text)
                  00001efc    0000000a     driverlib.lib : uart.obj (.text:UARTCharGet)
                  00001f06    0000000a                   : uart.obj (.text:UARTCharPut)
                  00001f10    00000006                   : sysctl.obj (.text:SysCtlDelay)
                  00001f16    00000006                   : uart.obj (.text:UARTClockSourceSet)
                  00001f1c    00000004     rtsv7M4_T_le_v4SPD16_eabi.lib : pre_init.c.obj (.text:_system_pre_init)
                  00001f20    00000004                                   : exit.c.obj (.text:abort:abort)

.const     0    00001f24    00000334     
                  00001f24    000001b0     driverlib.lib : sysctl.obj (.const:g_pppui32XTALtoVCO)
                  000020d4    00000090                   : gpio.obj (.const:g_pui32GPIOBaseAddrs)
                  00002164    0000006c                   : sysctl.obj (.const:g_pui32Xtals)
                  000021d0    00000030                   : sysctl.obj (.const:g_sXTALtoMEMTIM)
                  00002200    00000020     tiva_launchpad_lib.obj (.const:.string)
                  00002220    00000012     uartstdio.obj (.const:.string)
                  00002232    00000002     --HOLE-- [fill = 0]
                  00002234    0000000c     uartstdio.obj (.const:g_ui32UARTBase)
                  00002240    0000000c     uartstdio.obj (.const:g_ui32UARTPeriph)
                  0000224c    00000008     driverlib.lib : sysctl.obj (.const:g_pui32VCOFrequencies)
                  00002254    00000004     uartstdio.obj (.const)

.cinit     0    00002258    00000048     
                  00002258    00000024     (.cinit..data.load) [load image, compression = lzss]
                  0000227c    0000000c     (__TI_handler_table)
                  00002288    00000008     (.cinit..bss.load) [load image, compression = zero_init]
                  00002290    00000010     (__TI_cinit_table)

.init_array 
*          0    00000000    00000000     UNINITIALIZED

.bss       0    20000200    00000048     UNINITIALIZED
                  20000200    0000002c     (.common:timer3)
                  2000022c    0000001c     (.common:pwm1gen3)

.data      0    20000248    0000003d     UNINITIALIZED
                  20000248    00000020     tiva_launchpad_lib.obj (.data:UARTPortMapping)
                  20000268    00000018     main.obj (.data)
                  20000280    00000005     uartstdio.obj (.data)

.stack     0    20000000    00000200     UNINITIALIZED
                  20000000    00000004     rtsv7M4_T_le_v4SPD16_eabi.lib : boot_cortex_m.c.obj (.stack)
                  20000004    000001fc     --HOLE--

__llvm_prf_cnts 
*          0    20000000    00000000     UNINITIALIZED

MODULE SUMMARY

       Module                         code   ro data   rw data
       ------                         ----   -------   -------
    ./
       tiva_launchpad_lib.obj         2844   32        32     
       main.obj                       1300   0         96     
       uartstdio.obj                  1192   46        5      
       tm4c123gh6pm_startup_ccs.obj   12     620       0      
    +--+------------------------------+------+---------+---------+
       Total:                         5348   698       133    
                                                              
    /Applications/ti/ccs1271/ccs/tools/compiler/ti-cgt-arm_20.2.7.LTS/lib/rtsv7M4_T_le_v4SPD16_eabi.lib
       memcpy_t2.asm.obj              156    0         0      
       memset_t2.asm.obj              122    0         0      
       copy_decompress_lzss.c.obj     104    0         0      
       autoinit.c.obj                 68     0         0      
       u_divt2.asm.obj                64     0         0      
       boot_cortex_m.c.obj            52     0         0      
       copy_zero_init.c.obj           28     0         0      
       copy_decompress_none.c.obj     14     0         0      
       exit.c.obj                     4      0         0      
       pre_init.c.obj                 4      0         0      
       div0.asm.obj                   2      0         0      
    +--+------------------------------+------+---------+---------+
       Total:                         618    0         0      
                                                              
    /Users/noah/ti/TivaWare_C_Series-2.2.0.295/driverlib/ccs/Debug/driverlib.lib
       sysctl.obj                     730    596       0      
       gpio.obj                       506    144       0      
       uart.obj                       148    0         0      
    +--+------------------------------+------+---------+---------+
       Total:                         1384   740       0      
                                                              
       Stack:                         0      0         512    
       Linker Generated:              0      72        0      
    +--+------------------------------+------+---------+---------+
       Grand Total:                   7350   1510      645    


LINKER GENERATED COPY TABLES

__TI_cinit_table @ 00002290 records: 2, size/record: 8, table size: 16
	.data: load addr=00002258, load size=00000024 bytes, run addr=20000248, run size=0000003d bytes, compression=lzss
	.bss: load addr=00002288, load size=00000008 bytes, run addr=20000200, run size=00000048 bytes, compression=zero_init


LINKER GENERATED HANDLER TABLE

__TI_handler_table @ 0000227c records: 3, size/record: 4, table size: 12
	index: 0, handler: __TI_decompress_lzss
	index: 1, handler: __TI_decompress_none
	index: 2, handler: __TI_zero_init


GLOBAL SYMBOLS: SORTED ALPHABETICALLY BY Name 

address   name                          
-------   ----                          
00000a93  ADCInit                       
00001f21  C$$EXIT                       
0000082f  GPIOAfselEnable               
000008c5  GPIOAnalogEnable              
000007bd  GPIODigitalEnable             
0000095d  GPIODigitalRead               
0000092d  GPIODigitalWrite              
00001e31  GPIODirModeSet                
000006ff  GPIOEnableClock               
00001945  GPIOPadConfigSet              
00001c31  GPIOPinConfigure              
0000078d  GPIOPinMode                   
00001eb9  GPIOPinTypeUART               
000008f7  GPIOPullupEnable              
00000755  GPIOUnlock                    
000003df  GetADCInfo                    
0000057d  GetPWMGENInfo                 
000004e9  GetPWMInfo                    
0000026d  GetPortInfo                   
00000665  GetTimerInfo                  
00000337  GetUARTInfo                   
00000df5  MotorInit                     
00000b09  PWMGENInit                    
00000601  ParseGPIOString               
00000be1  ReadPWMADutyCycle             
00000c0b  ReadPWMBDutyCycle             
00000bd5  ReadPWMGENA                   
00000bff  ReadPWMGENB                   
00000d1f  ReadTimerA                    
00000d2b  ReadTimerB                    
00001ef1  ResetISR                      
00000ba9  SetPWMGENA                    
00000c29  SetPWMGENB                    
00001745  SysCtlClockFreqSet            
00001f11  SysCtlDelay                   
00001dc9  SysCtlPeripheralEnable        
00001d91  SysCtlPeripheralPresent       
00000d37  SysTickInit                   
00000e57  SysTickIntHandler             
00000d53  SysTickReload                 
00000d63  SysTickRestart                
00000e37  SystemInit                    
00000c61  TimerInit                     
00001efd  UARTCharGet                   
00001f07  UARTCharPut                   
00001f17  UARTClockSourceSet            
00001cc5  UARTConfigSetExpClk           
00001e5d  UARTDisable                   
00001ecf  UARTEnable                    
00000985  UARTInit                      
00000a75  UARTPutChar                   
00000a5d  UARTReadChar                  
0000129d  UARTStdioConfig               
000013ed  UARTgetc                      
00001333  UARTgets                      
0000170f  UARTprintf                    
00001415  UARTvprintf                   
000012e3  UARTwrite                     
00000dcd  WheelCounterInit              
20000200  __STACK_END                   
00000200  __STACK_SIZE                  
20000200  __STACK_TOP                   
00002290  __TI_CINIT_Base               
000022a0  __TI_CINIT_Limit              
0000227c  __TI_Handler_Table_Base       
00002288  __TI_Handler_Table_Limit      
00001d0d  __TI_auto_init_nobinit_nopinit
00001bc7  __TI_decompress_lzss          
00001ee3  __TI_decompress_none          
ffffffff  __TI_pprof_out_hndl           
ffffffff  __TI_prof_data_size           
ffffffff  __TI_prof_data_start          
00000000  __TI_static_base__            
00001e9d  __TI_zero_init_nomemset       
00001c2f  __aeabi_idiv0                 
00001c2f  __aeabi_ldiv0                 
00001b4d  __aeabi_memclr                
00001b4d  __aeabi_memclr4               
00001b4d  __aeabi_memclr8               
00001ab1  __aeabi_memcpy                
00001ab1  __aeabi_memcpy4               
00001ab1  __aeabi_memcpy8               
00001b4f  __aeabi_memset                
00001b4f  __aeabi_memset4               
00001b4f  __aeabi_memset8               
00001d51  __aeabi_uidiv                 
00001d51  __aeabi_uidivmod              
ffffffff  __binit__                     
ffffffff  __c_args__                    
UNDEFED   __mpu_init                    
20000000  __stack                       
20000000  __start___llvm_prf_cnts       
20000000  __stop___llvm_prf_cnts        
00001dfd  _c_int00_noargs               
UNDEFED   _system_post_cinit            
00001f1d  _system_pre_init              
00001f21  abort                         
ffffffff  binit                         
20000270  currentPWM                    
00000000  g_pfnVectors                  
00001011  main                          
00001ab1  memcpy                        
00001b55  memset                        
2000027c  ms_count                      
2000022c  pwm1gen3                      
20000268  state                         
20000278  stateTime                     
20000274  step                          
2000026c  targetPWM                     
20000200  timer3                        


GLOBAL SYMBOLS: SORTED BY Symbol Address 

address   name                          
-------   ----                          
00000000  __TI_static_base__            
00000000  g_pfnVectors                  
00000200  __STACK_SIZE                  
0000026d  GetPortInfo                   
00000337  GetUARTInfo                   
000003df  GetADCInfo                    
000004e9  GetPWMInfo                    
0000057d  GetPWMGENInfo                 
00000601  ParseGPIOString               
00000665  GetTimerInfo                  
000006ff  GPIOEnableClock               
00000755  GPIOUnlock                    
0000078d  GPIOPinMode                   
000007bd  GPIODigitalEnable             
0000082f  GPIOAfselEnable               
000008c5  GPIOAnalogEnable              
000008f7  GPIOPullupEnable              
0000092d  GPIODigitalWrite              
0000095d  GPIODigitalRead               
00000985  UARTInit                      
00000a5d  UARTReadChar                  
00000a75  UARTPutChar                   
00000a93  ADCInit                       
00000b09  PWMGENInit                    
00000ba9  SetPWMGENA                    
00000bd5  ReadPWMGENA                   
00000be1  ReadPWMADutyCycle             
00000bff  ReadPWMGENB                   
00000c0b  ReadPWMBDutyCycle             
00000c29  SetPWMGENB                    
00000c61  TimerInit                     
00000d1f  ReadTimerA                    
00000d2b  ReadTimerB                    
00000d37  SysTickInit                   
00000d53  SysTickReload                 
00000d63  SysTickRestart                
00000dcd  WheelCounterInit              
00000df5  MotorInit                     
00000e37  SystemInit                    
00000e57  SysTickIntHandler             
00001011  main                          
0000129d  UARTStdioConfig               
000012e3  UARTwrite                     
00001333  UARTgets                      
000013ed  UARTgetc                      
00001415  UARTvprintf                   
0000170f  UARTprintf                    
00001745  SysCtlClockFreqSet            
00001945  GPIOPadConfigSet              
00001ab1  __aeabi_memcpy                
00001ab1  __aeabi_memcpy4               
00001ab1  __aeabi_memcpy8               
00001ab1  memcpy                        
00001b4d  __aeabi_memclr                
00001b4d  __aeabi_memclr4               
00001b4d  __aeabi_memclr8               
00001b4f  __aeabi_memset                
00001b4f  __aeabi_memset4               
00001b4f  __aeabi_memset8               
00001b55  memset                        
00001bc7  __TI_decompress_lzss          
00001c2f  __aeabi_idiv0                 
00001c2f  __aeabi_ldiv0                 
00001c31  GPIOPinConfigure              
00001cc5  UARTConfigSetExpClk           
00001d0d  __TI_auto_init_nobinit_nopinit
00001d51  __aeabi_uidiv                 
00001d51  __aeabi_uidivmod              
00001d91  SysCtlPeripheralPresent       
00001dc9  SysCtlPeripheralEnable        
00001dfd  _c_int00_noargs               
00001e31  GPIODirModeSet                
00001e5d  UARTDisable                   
00001e9d  __TI_zero_init_nomemset       
00001eb9  GPIOPinTypeUART               
00001ecf  UARTEnable                    
00001ee3  __TI_decompress_none          
00001ef1  ResetISR                      
00001efd  UARTCharGet                   
00001f07  UARTCharPut                   
00001f11  SysCtlDelay                   
00001f17  UARTClockSourceSet            
00001f1d  _system_pre_init              
00001f21  C$$EXIT                       
00001f21  abort                         
0000227c  __TI_Handler_Table_Base       
00002288  __TI_Handler_Table_Limit      
00002290  __TI_CINIT_Base               
000022a0  __TI_CINIT_Limit              
20000000  __stack                       
20000000  __start___llvm_prf_cnts       
20000000  __stop___llvm_prf_cnts        
20000200  __STACK_END                   
20000200  __STACK_TOP                   
20000200  timer3                        
2000022c  pwm1gen3                      
20000268  state                         
2000026c  targetPWM                     
20000270  currentPWM                    
20000274  step                          
20000278  stateTime                     
2000027c  ms_count                      
ffffffff  __TI_pprof_out_hndl           
ffffffff  __TI_prof_data_size           
ffffffff  __TI_prof_data_start          
ffffffff  __binit__                     
ffffffff  __c_args__                    
ffffffff  binit                         
UNDEFED   __mpu_init                    
UNDEFED   _system_post_cinit            

[110 symbols]
