******************************************************************************
                  TI ARM Linker Unix v20.2.7                   
******************************************************************************
>> Linked Wed Oct  1 09:34:16 2025

OUTPUT FILE NAME:   <NH_COMP462_LAB5.out>
ENTRY POINT SYMBOL: "_c_int00_noargs"  address: 00000e99


MEMORY CONFIGURATION

         name            origin    length      used     unused   attr    fill
----------------------  --------  ---------  --------  --------  ----  --------
  FLASH                 00000000   00040000  0000108e  0003ef72  R  X
  SRAM                  20000000   00008000  00000205  00007dfb  RW X


SEGMENT ALLOCATION MAP

run origin  load origin   length   init length attrs members
----------  ----------- ---------- ----------- ----- -------
00000000    00000000    00001090   00001090    r-x
  00000000    00000000    0000026c   0000026c    r-- .intvecs
  0000026c    0000026c    00000d4a   00000d4a    r-x .text
  00000fb8    00000fb8    000000c0   000000c0    r-- .const
  00001078    00001078    00000018   00000018    r-- .cinit
20000000    20000000    00000205   00000000    rw-
  20000000    20000000    00000200   00000000    rw- .stack
  20000200    20000200    00000005   00000000    rw- .data


SECTION ALLOCATION MAP

 output                                  attributes/
section   page    origin      length       input sections
--------  ----  ----------  ----------   ----------------
.intvecs   0    00000000    0000026c     
                  00000000    0000026c     tm4c123gh6pm_startup_ccs.obj (.intvecs)

.text      0    0000026c    00000d4a     
                  0000026c    000004a8     uartstdio.obj (.text)
                  00000714    00000308     main.obj (.text)
                  00000a1c    0000016c     driverlib.lib : gpio.obj (.text:GPIOPadConfigSet)
                  00000b88    0000009c     rtsv7M4_T_le_v4SPD16_eabi.lib : memcpy_t2.asm.obj (.text)
                  00000c24    00000086                                   : fd_cmp_t2.asm.obj (.text:__aeabi_cdcmple)
                  00000caa    00000068                                   : copy_decompress_lzss.c.obj (.text:decompress:lzss:__TI_decompress_lzss)
                  00000d12    00000002                                   : div0.asm.obj (.text)
                  00000d14    0000004c     driverlib.lib : gpio.obj (.text:GPIOPinConfigure)
                  00000d60    00000046                   : uart.obj (.text:UARTConfigSetExpClk)
                  00000da6    00000002     --HOLE-- [fill = 0]
                  00000da8    00000044     rtsv7M4_T_le_v4SPD16_eabi.lib : autoinit.c.obj (.text:__TI_auto_init_nobinit_nopinit:__TI_auto_init_nobinit_nopinit)
                  00000dec    00000040                                   : u_divt2.asm.obj (.text)
                  00000e2c    00000038     driverlib.lib : sysctl.obj (.text:SysCtlPeripheralPresent)
                  00000e64    00000034                   : sysctl.obj (.text:SysCtlPeripheralEnable)
                  00000e98    00000034     rtsv7M4_T_le_v4SPD16_eabi.lib : boot_cortex_m.c.obj (.text:_c_int00_noargs:_c_int00_noargs)
                  00000ecc    0000002c     driverlib.lib : gpio.obj (.text:GPIODirModeSet)
                  00000ef8    00000020                   : uart.obj (.text:UARTDisable)
                  00000f18    00000020     rtsv7M4_T_le_v4SPD16_eabi.lib : u_tofd_t2.asm.obj (.text)
                  00000f38    00000016     driverlib.lib : gpio.obj (.text:GPIOPinTypeUART)
                  00000f4e    00000014                   : uart.obj (.text:UARTEnable)
                  00000f62    00000002     --HOLE-- [fill = 0]
                  00000f64    00000010                   : fpu.obj (.text:FPULazyStackingEnable)
                  00000f74    0000000e     rtsv7M4_T_le_v4SPD16_eabi.lib : copy_decompress_none.c.obj (.text:decompress:none:__TI_decompress_none)
                  00000f82    0000000c     tm4c123gh6pm_startup_ccs.obj (.text)
                  00000f8e    0000000a     driverlib.lib : uart.obj (.text:UARTCharGet)
                  00000f98    0000000a                   : uart.obj (.text:UARTCharPut)
                  00000fa2    00000006                   : sysctl.obj (.text:SysCtlDelay)
                  00000fa8    00000006                   : uart.obj (.text:UARTClockSourceSet)
                  00000fae    00000004     rtsv7M4_T_le_v4SPD16_eabi.lib : pre_init.c.obj (.text:_system_pre_init)
                  00000fb2    00000004                                   : exit.c.obj (.text:abort:abort)

.const     0    00000fb8    000000c0     
                  00000fb8    00000090     driverlib.lib : gpio.obj (.const:g_pui32GPIOBaseAddrs)
                  00001048    00000012     uartstdio.obj (.const:.string)
                  0000105a    00000002     --HOLE-- [fill = 0]
                  0000105c    0000000c     uartstdio.obj (.const:g_ui32UARTBase)
                  00001068    0000000c     uartstdio.obj (.const:g_ui32UARTPeriph)
                  00001074    00000004     uartstdio.obj (.const)

.cinit     0    00001078    00000018     
                  00001078    00000008     (__TI_handler_table)
                  00001080    00000007     (.cinit..data.load) [load image, compression = lzss]
                  00001087    00000001     --HOLE-- [fill = 0]
                  00001088    00000008     (__TI_cinit_table)

.init_array 
*          0    00000000    00000000     UNINITIALIZED

.data      0    20000200    00000005     UNINITIALIZED
                  20000200    00000005     uartstdio.obj (.data)

.stack     0    20000000    00000200     UNINITIALIZED
                  20000000    00000004     rtsv7M4_T_le_v4SPD16_eabi.lib : boot_cortex_m.c.obj (.stack)
                  20000004    000001fc     --HOLE--

__llvm_prf_cnts 
*          0    20000000    00000000     UNINITIALIZED

MODULE SUMMARY

       Module                         code   ro data   rw data
       ------                         ----   -------   -------
    ./
       uartstdio.obj                  1192   46        5      
       main.obj                       776    0         0      
       tm4c123gh6pm_startup_ccs.obj   12     620       0      
    +--+------------------------------+------+---------+---------+
       Total:                         1980   666       5      
                                                              
    /Applications/ti/ccs1271/ccs/tools/compiler/ti-cgt-arm_20.2.7.LTS/lib/rtsv7M4_T_le_v4SPD16_eabi.lib
       memcpy_t2.asm.obj              156    0         0      
       fd_cmp_t2.asm.obj              134    0         0      
       copy_decompress_lzss.c.obj     104    0         0      
       autoinit.c.obj                 68     0         0      
       u_divt2.asm.obj                64     0         0      
       boot_cortex_m.c.obj            52     0         0      
       u_tofd_t2.asm.obj              32     0         0      
       copy_decompress_none.c.obj     14     0         0      
       exit.c.obj                     4      0         0      
       pre_init.c.obj                 4      0         0      
       div0.asm.obj                   2      0         0      
    +--+------------------------------+------+---------+---------+
       Total:                         634    0         0      
                                                              
    /Users/noah/ti/TivaWare_C_Series-2.2.0.295/driverlib/ccs/Debug/driverlib.lib
       gpio.obj                       506    144       0      
       uart.obj                       148    0         0      
       sysctl.obj                     114    0         0      
       fpu.obj                        16     0         0      
    +--+------------------------------+------+---------+---------+
       Total:                         784    144       0      
                                                              
       Stack:                         0      0         512    
       Linker Generated:              0      23        0      
    +--+------------------------------+------+---------+---------+
       Grand Total:                   3398   833       517    


LINKER GENERATED COPY TABLES

__TI_cinit_table @ 00001088 records: 1, size/record: 8, table size: 8
	.data: load addr=00001080, load size=00000007 bytes, run addr=20000200, run size=00000005 bytes, compression=lzss


LINKER GENERATED HANDLER TABLE

__TI_handler_table @ 00001078 records: 2, size/record: 4, table size: 8
	index: 0, handler: __TI_decompress_lzss
	index: 1, handler: __TI_decompress_none


GLOBAL SYMBOLS: SORTED ALPHABETICALLY BY Name 

address   name                          
-------   ----                          
00000fb3  C$$EXIT                       
00000715  ConfigureUART                 
00000751  Delay                         
00000f65  FPULazyStackingEnable         
00000ecd  GPIODirModeSet                
00000a1d  GPIOPadConfigSet              
00000d15  GPIOPinConfigure              
00000f39  GPIOPinTypeUART               
00000f83  ResetISR                      
00000fa3  SysCtlDelay                   
00000e65  SysCtlPeripheralEnable        
00000e2d  SysCtlPeripheralPresent       
0000076f  SysTick_Init                  
00000f8f  UARTCharGet                   
00000f99  UARTCharPut                   
00000fa9  UARTClockSourceSet            
00000d61  UARTConfigSetExpClk           
00000ef9  UARTDisable                   
00000f4f  UARTEnable                    
0000026d  UARTStdioConfig               
000003bd  UARTgetc                      
00000303  UARTgets                      
000006df  UARTprintf                    
000003e5  UARTvprintf                   
000002b3  UARTwrite                     
20000200  __STACK_END                   
00000200  __STACK_SIZE                  
20000200  __STACK_TOP                   
00001088  __TI_CINIT_Base               
00001090  __TI_CINIT_Limit              
00001078  __TI_Handler_Table_Base       
00001080  __TI_Handler_Table_Limit      
00000da9  __TI_auto_init_nobinit_nopinit
00000cab  __TI_decompress_lzss          
00000f75  __TI_decompress_none          
ffffffff  __TI_pprof_out_hndl           
ffffffff  __TI_prof_data_size           
ffffffff  __TI_prof_data_start          
00000000  __TI_static_base__            
00000c25  __aeabi_cdcmpeq               
00000c25  __aeabi_cdcmple               
00000d13  __aeabi_idiv0                 
00000d13  __aeabi_ldiv0                 
00000b89  __aeabi_memcpy                
00000b89  __aeabi_memcpy4               
00000b89  __aeabi_memcpy8               
00000f19  __aeabi_ui2d                  
00000ded  __aeabi_uidiv                 
00000ded  __aeabi_uidivmod              
ffffffff  __binit__                     
ffffffff  __c_args__                    
UNDEFED   __mpu_init                    
20000000  __stack                       
20000000  __start___llvm_prf_cnts       
20000000  __stop___llvm_prf_cnts        
00000e99  _c_int00_noargs               
UNDEFED   _system_post_cinit            
00000faf  _system_pre_init              
00000fb3  abort                         
ffffffff  binit                         
00000000  g_pfnVectors                  
0000078b  main                          
00000b89  memcpy                        


GLOBAL SYMBOLS: SORTED BY Symbol Address 

address   name                          
-------   ----                          
00000000  __TI_static_base__            
00000000  g_pfnVectors                  
00000200  __STACK_SIZE                  
0000026d  UARTStdioConfig               
000002b3  UARTwrite                     
00000303  UARTgets                      
000003bd  UARTgetc                      
000003e5  UARTvprintf                   
000006df  UARTprintf                    
00000715  ConfigureUART                 
00000751  Delay                         
0000076f  SysTick_Init                  
0000078b  main                          
00000a1d  GPIOPadConfigSet              
00000b89  __aeabi_memcpy                
00000b89  __aeabi_memcpy4               
00000b89  __aeabi_memcpy8               
00000b89  memcpy                        
00000c25  __aeabi_cdcmpeq               
00000c25  __aeabi_cdcmple               
00000cab  __TI_decompress_lzss          
00000d13  __aeabi_idiv0                 
00000d13  __aeabi_ldiv0                 
00000d15  GPIOPinConfigure              
00000d61  UARTConfigSetExpClk           
00000da9  __TI_auto_init_nobinit_nopinit
00000ded  __aeabi_uidiv                 
00000ded  __aeabi_uidivmod              
00000e2d  SysCtlPeripheralPresent       
00000e65  SysCtlPeripheralEnable        
00000e99  _c_int00_noargs               
00000ecd  GPIODirModeSet                
00000ef9  UARTDisable                   
00000f19  __aeabi_ui2d                  
00000f39  GPIOPinTypeUART               
00000f4f  UARTEnable                    
00000f65  FPULazyStackingEnable         
00000f75  __TI_decompress_none          
00000f83  ResetISR                      
00000f8f  UARTCharGet                   
00000f99  UARTCharPut                   
00000fa3  SysCtlDelay                   
00000fa9  UARTClockSourceSet            
00000faf  _system_pre_init              
00000fb3  C$$EXIT                       
00000fb3  abort                         
00001078  __TI_Handler_Table_Base       
00001080  __TI_Handler_Table_Limit      
00001088  __TI_CINIT_Base               
00001090  __TI_CINIT_Limit              
20000000  __stack                       
20000000  __start___llvm_prf_cnts       
20000000  __stop___llvm_prf_cnts        
20000200  __STACK_END                   
20000200  __STACK_TOP                   
ffffffff  __TI_pprof_out_hndl           
ffffffff  __TI_prof_data_size           
ffffffff  __TI_prof_data_start          
ffffffff  __binit__                     
ffffffff  __c_args__                    
ffffffff  binit                         
UNDEFED   __mpu_init                    
UNDEFED   _system_post_cinit            

[63 symbols]
